Archive member included to satisfy reference by file (symbol)

D:/STM32CubeIDE_1.19.0/STM32CubeIDE/plugins/com.st.stm32cube.ide.mcu.externaltools.gnu-tools-for-stm32.13.3.rel1.win32_1.0.0.202411081344/tools/bin/../lib/gcc/arm-none-eabi/13.3.1/../../../../arm-none-eabi/lib/thumb/v7-m/nofp\libc_nano.a(libc_a-exit.o)
                              D:/STM32CubeIDE_1.19.0/STM32CubeIDE/plugins/com.st.stm32cube.ide.mcu.externaltools.gnu-tools-for-stm32.13.3.rel1.win32_1.0.0.202411081344/tools/bin/../lib/gcc/arm-none-eabi/13.3.1/../../../../arm-none-eabi/lib/thumb/v7-m/nofp/crt0.o (exit)
D:/STM32CubeIDE_1.19.0/STM32CubeIDE/plugins/com.st.stm32cube.ide.mcu.externaltools.gnu-tools-for-stm32.13.3.rel1.win32_1.0.0.202411081344/tools/bin/../lib/gcc/arm-none-eabi/13.3.1/../../../../arm-none-eabi/lib/thumb/v7-m/nofp\libc_nano.a(libc_a-findfp.o)
                              D:/STM32CubeIDE_1.19.0/STM32CubeIDE/plugins/com.st.stm32cube.ide.mcu.externaltools.gnu-tools-for-stm32.13.3.rel1.win32_1.0.0.202411081344/tools/bin/../lib/gcc/arm-none-eabi/13.3.1/../../../../arm-none-eabi/lib/thumb/v7-m/nofp\libc_nano.a(libc_a-exit.o) (__stdio_exit_handler)
D:/STM32CubeIDE_1.19.0/STM32CubeIDE/plugins/com.st.stm32cube.ide.mcu.externaltools.gnu-tools-for-stm32.13.3.rel1.win32_1.0.0.202411081344/tools/bin/../lib/gcc/arm-none-eabi/13.3.1/../../../../arm-none-eabi/lib/thumb/v7-m/nofp\libc_nano.a(libc_a-fwalk.o)
                              D:/STM32CubeIDE_1.19.0/STM32CubeIDE/plugins/com.st.stm32cube.ide.mcu.externaltools.gnu-tools-for-stm32.13.3.rel1.win32_1.0.0.202411081344/tools/bin/../lib/gcc/arm-none-eabi/13.3.1/../../../../arm-none-eabi/lib/thumb/v7-m/nofp\libc_nano.a(libc_a-findfp.o) (_fwalk_sglue)
D:/STM32CubeIDE_1.19.0/STM32CubeIDE/plugins/com.st.stm32cube.ide.mcu.externaltools.gnu-tools-for-stm32.13.3.rel1.win32_1.0.0.202411081344/tools/bin/../lib/gcc/arm-none-eabi/13.3.1/../../../../arm-none-eabi/lib/thumb/v7-m/nofp\libc_nano.a(libc_a-stdio.o)
                              D:/STM32CubeIDE_1.19.0/STM32CubeIDE/plugins/com.st.stm32cube.ide.mcu.externaltools.gnu-tools-for-stm32.13.3.rel1.win32_1.0.0.202411081344/tools/bin/../lib/gcc/arm-none-eabi/13.3.1/../../../../arm-none-eabi/lib/thumb/v7-m/nofp\libc_nano.a(libc_a-findfp.o) (__sread)
D:/STM32CubeIDE_1.19.0/STM32CubeIDE/plugins/com.st.stm32cube.ide.mcu.externaltools.gnu-tools-for-stm32.13.3.rel1.win32_1.0.0.202411081344/tools/bin/../lib/gcc/arm-none-eabi/13.3.1/../../../../arm-none-eabi/lib/thumb/v7-m/nofp\libc_nano.a(libc_a-memset.o)
                              D:/STM32CubeIDE_1.19.0/STM32CubeIDE/plugins/com.st.stm32cube.ide.mcu.externaltools.gnu-tools-for-stm32.13.3.rel1.win32_1.0.0.202411081344/tools/bin/../lib/gcc/arm-none-eabi/13.3.1/../../../../arm-none-eabi/lib/thumb/v7-m/nofp/crt0.o (memset)
D:/STM32CubeIDE_1.19.0/STM32CubeIDE/plugins/com.st.stm32cube.ide.mcu.externaltools.gnu-tools-for-stm32.13.3.rel1.win32_1.0.0.202411081344/tools/bin/../lib/gcc/arm-none-eabi/13.3.1/../../../../arm-none-eabi/lib/thumb/v7-m/nofp\libc_nano.a(libc_a-closer.o)
                              D:/STM32CubeIDE_1.19.0/STM32CubeIDE/plugins/com.st.stm32cube.ide.mcu.externaltools.gnu-tools-for-stm32.13.3.rel1.win32_1.0.0.202411081344/tools/bin/../lib/gcc/arm-none-eabi/13.3.1/../../../../arm-none-eabi/lib/thumb/v7-m/nofp\libc_nano.a(libc_a-stdio.o) (_close_r)
D:/STM32CubeIDE_1.19.0/STM32CubeIDE/plugins/com.st.stm32cube.ide.mcu.externaltools.gnu-tools-for-stm32.13.3.rel1.win32_1.0.0.202411081344/tools/bin/../lib/gcc/arm-none-eabi/13.3.1/../../../../arm-none-eabi/lib/thumb/v7-m/nofp\libc_nano.a(libc_a-reent.o)
                              D:/STM32CubeIDE_1.19.0/STM32CubeIDE/plugins/com.st.stm32cube.ide.mcu.externaltools.gnu-tools-for-stm32.13.3.rel1.win32_1.0.0.202411081344/tools/bin/../lib/gcc/arm-none-eabi/13.3.1/../../../../arm-none-eabi/lib/thumb/v7-m/nofp\libc_nano.a(libc_a-closer.o) (errno)
D:/STM32CubeIDE_1.19.0/STM32CubeIDE/plugins/com.st.stm32cube.ide.mcu.externaltools.gnu-tools-for-stm32.13.3.rel1.win32_1.0.0.202411081344/tools/bin/../lib/gcc/arm-none-eabi/13.3.1/../../../../arm-none-eabi/lib/thumb/v7-m/nofp\libc_nano.a(libc_a-impure.o)
                              D:/STM32CubeIDE_1.19.0/STM32CubeIDE/plugins/com.st.stm32cube.ide.mcu.externaltools.gnu-tools-for-stm32.13.3.rel1.win32_1.0.0.202411081344/tools/bin/../lib/gcc/arm-none-eabi/13.3.1/../../../../arm-none-eabi/lib/thumb/v7-m/nofp\libc_nano.a(libc_a-reent.o) (_impure_ptr)
D:/STM32CubeIDE_1.19.0/STM32CubeIDE/plugins/com.st.stm32cube.ide.mcu.externaltools.gnu-tools-for-stm32.13.3.rel1.win32_1.0.0.202411081344/tools/bin/../lib/gcc/arm-none-eabi/13.3.1/../../../../arm-none-eabi/lib/thumb/v7-m/nofp\libc_nano.a(libc_a-lseekr.o)
                              D:/STM32CubeIDE_1.19.0/STM32CubeIDE/plugins/com.st.stm32cube.ide.mcu.externaltools.gnu-tools-for-stm32.13.3.rel1.win32_1.0.0.202411081344/tools/bin/../lib/gcc/arm-none-eabi/13.3.1/../../../../arm-none-eabi/lib/thumb/v7-m/nofp\libc_nano.a(libc_a-stdio.o) (_lseek_r)
[...]
Memory Configuration

Name             Origin             Length             Attributes
RAM              0x20000000         0x00005000         xrw
FLASH            0x08000000         0x00010000         xr
*default*        0x00000000         0xffffffff

Linker script and memory map

LOAD D:/STM32CubeIDE_1.19.0/STM32CubeIDE/plugins/com.st.stm32cube.ide.mcu.externaltools.gnu-tools-for-stm32.13.3.rel1.win32_1.0.0.202411081344/tools/bin/../lib/gcc/arm-none-eabi/13.3.1/thumb/v7-m/nofp/crti.o
LOAD D:/STM32CubeIDE_1.19.0/STM32CubeIDE/plugins/com.st.stm32cube.ide.mcu.externaltools.gnu-tools-for-stm32.13.3.rel1.win32_1.0.0.202411081344/tools/bin/../lib/gcc/arm-none-eabi/13.3.1/thumb/v7-m/nofp/crtbegin.o
LOAD D:/STM32CubeIDE_1.19.0/STM32CubeIDE/plugins/com.st.stm32cube.ide.mcu.externaltools.gnu-tools-for-stm32.13.3.rel1.win32_1.0.0.202411081344/tools/bin/../lib/gcc/arm-none-eabi/13.3.1/../../../../arm-none-eabi/lib/thumb/v7-m/nofp/crt0.o
LOAD ./Core/Src/MLX90640_API.o
LOAD ./Core/Src/dma.o
LOAD ./Core/Src/gpio.o
LOAD ./Core/Src/i2c.o
LOAD ./Core/Src/main.o
LOAD ./Core/Src/stm32f1xx_hal_msp.o
LOAD ./Core/Src/stm32f1xx_it.o
LOAD ./Core/Src/syscalls.o
LOAD ./Core/Src/sysmem.o
LOAD ./Core/Src/system_stm32f1xx.o
LOAD ./Core/Src/usart.o
LOAD ./Core/Startup/startup_stm32f103c8tx.o
LOAD ./Drivers/STM32F1xx_HAL_Driver/Src/stm32f1xx_hal.o
LOAD ./Drivers/STM32F1xx_HAL_Driver/Src/stm32f1xx_hal_cortex.o
LOAD ./Drivers/STM32F1xx_HAL_Driver/Src/stm32f1xx_hal_dma.o
LOAD ./Drivers/STM32F1xx_HAL_Driver/Src/stm32f1xx_hal_exti.o
LOAD ./Drivers/STM32F1xx_HAL_Driver/Src/stm32f1xx_hal_flash.o
LOAD ./Drivers/STM32F1xx_HAL_Driver/Src/stm32f1xx_hal_flash_ex.o
LOAD ./Drivers/STM32F1xx_HAL_Driver/Src/stm32f1xx_hal_gpio.o
LOAD ./Drivers/STM32F1xx_HAL_Driver/Src/stm32f1xx_hal_gpio_ex.o
LOAD ./Drivers/STM32F1xx_HAL_Driver/Src/stm32f1xx_hal_i2c.o
LOAD ./Drivers/STM32F1xx_HAL_Driver/Src/stm32f1xx_hal_pwr.o
LOAD ./Drivers/STM32F1xx_HAL_Driver/Src/stm32f1xx_hal_rcc.o
LOAD ./Drivers/STM32F1xx_HAL_Driver/Src/stm32f1xx_hal_rcc_ex.o
LOAD ./Drivers/STM32F1xx_HAL_Driver/Src/stm32f1xx_hal_uart.o
START GROUP
LOAD D:/STM32CubeIDE_1.19.0/STM32CubeIDE/plugins/com.st.stm32cube.ide.mcu.externaltools.gnu-tools-for-stm32.13.3.rel1.win32_1.0.0.202411081344/tools/bin/../lib/gcc/arm-none-eabi/13.3.1/../../../../arm-none-eabi/lib/thumb/v7-m/nofp\libc_nano.a
LOAD D:/STM32CubeIDE_1.19.0/STM32CubeIDE/plugins/com.st.stm32cube.ide.mcu.externaltools.gnu-tools-for-stm32.13.3.rel1.win32_1.0.0.202411081344/tools/bin/../lib/gcc/arm-none-eabi/13.3.1/../../../../arm-none-eabi/lib/thumb/v7-m/nofp\libm.a
END GROUP
START GROUP
LOAD D:/STM32CubeIDE_1.19.0/STM32CubeIDE/plugins/com.st.stm32cube.ide.mcu.externaltools.gnu-tools-for-stm32.13.3.rel1.win32_1.0.0.202411081344/tools/bin/../lib/gcc/arm-none-eabi/13.3.1/thumb/v7-m/nofp\libgcc.a
LOAD D:/STM32CubeIDE_1.19.0/STM32CubeIDE/plugins/com.st.stm32cube.ide.mcu.externaltools.gnu-tools-for-stm32.13.3.rel1.win32_1.0.0.202411081344/tools/bin/../lib/gcc/arm-none-eabi/13.3.1/../../../../arm-none-eabi/lib/thumb/v7-m/nofp\libc_nano.a
END GROUP
START GROUP
LOAD D:/STM32CubeIDE_1.19.0/STM32CubeIDE/plugins/com.st.stm32cube.ide.mcu.externaltools.gnu-tools-for-stm32.13.3.rel1.win32_1.0.0.202411081344/tools/bin/../lib/gcc/arm-none-eabi/13.3.1/thumb/v7-m/nofp\libgcc.a
LOAD D:/STM32CubeIDE_1.19.0/STM32CubeIDE/plugins/com.st.stm32cube.ide.mcu.externaltools.gnu-tools-for-stm32.13.3.rel1.win32_1.0.0.202411081344/tools/bin/../lib/gcc/arm-none-eabi/13.3.1/../../../../arm-none-eabi/lib/thumb/v7-m/nofp\libc_nano.a
LOAD D:/STM32CubeIDE_1.19.0/STM32CubeIDE/plugins/com.st.stm32cube.ide.mcu.externaltools.gnu-tools-for-stm32.13.3.rel1.win32_1.0.0.202411081344/tools/bin/../lib/gcc/arm-none-eabi/13.3.1/../../../../arm-none-eabi/lib/thumb/v7-m/nofp\libnosys.a
END GROUP
START GROUP
LOAD D:/STM32CubeIDE_1.19.0/STM32CubeIDE/plugins/com.st.stm32cube.ide.mcu.externaltools.gnu-tools-for-stm32.13.3.rel1.win32_1.0.0.202411081344/tools/bin/../lib/gcc/arm-none-eabi/13.3.1/thumb/v7-m/nofp\libgcc.a
LOAD D:/STM32CubeIDE_1.19.0/STM32CubeIDE/plugins/com.st.stm32cube.ide.mcu.externaltools.gnu-tools-for-stm32.13.3.rel1.win32_1.0.0.202411081344/tools/bin/../lib/gcc/arm-none-eabi/13.3.1/../../../../arm-none-eabi/lib/thumb/v7-m/nofp\libc_nano.a
LOAD D:/STM32CubeIDE_1.19.0/STM32CubeIDE/plugins/com.st.stm32cube.ide.mcu.externaltools.gnu-tools-for-stm32.13.3.rel1.win32_1.0.0.202411081344/tools/bin/../lib/gcc/arm-none-eabi/13.3.1/../../../../arm-none-eabi/lib/thumb/v7-m/nofp\libnosys.a
END GROUP
LOAD D:/STM32CubeIDE_1.19.0/STM32CubeIDE/plugins/com.st.stm32cube.ide.mcu.externaltools.gnu-tools-for-stm32.13.3.rel1.win32_1.0.0.202411081344/tools/bin/../lib/gcc/arm-none-eabi/13.3.1/thumb/v7-m/nofp/crtend.o
LOAD D:/STM32CubeIDE_1.19.0/STM32CubeIDE/plugins/com.st.stm32cube.ide.mcu.externaltools.gnu-tools-for-stm32.13.3.rel1.win32_1.0.0.202411081344/tools/bin/../lib/gcc/arm-none-eabi/13.3.1/thumb/v7-m/nofp/crtn.o
                0x20005000                        _estack = (ORIGIN (RAM) + LENGTH (RAM))
                0x00000200                        _Min_Heap_Size = 0x200
                0x00000400                        _Min_Stack_Size = 0x400

.isr_vector     0x08000000      0x10c
                0x08000000                        . = ALIGN (0x4)
 *(.isr_vector)
 .isr_vector    0x08000000      0x10c ./Core/Startup/startup_stm32f103c8tx.o
                0x08000000                g_pfnVectors
                0x0800010c                        . = ALIGN (0x4)

.text           0x08000110     0xa1a4
                0x08000110                        . = ALIGN (0x4)
 *(.text)
 .text          0x08000110       0x40 D:/STM32CubeIDE_1.19.0/STM32CubeIDE/plugins/com.st.stm32cube.ide.mcu.externaltools.gnu-tools-for-stm32.13.3.rel1.win32_1.0.0.202411081344/tools/bin/../lib/gcc/arm-none-eabi/13.3.1/thumb/v7-m/nofp/crtbegin.o
 .text          0x08000150       0x10 D:/STM32CubeIDE_1.19.0/STM32CubeIDE/plugins/com.st.stm32cube.ide.mcu.externaltools.gnu-tools-for-stm32.13.3.rel1.win32_1.0.0.202411081344/tools/bin/../lib/gcc/arm-none-eabi/13.3.1/../../../../arm-none-eabi/lib/thumb/v7-m/nofp\libc_nano.a(libc_a-strlen.o)
                0x08000150                strlen
 .text          0x08000160      0x378 D:/STM32CubeIDE_1.19.0/STM32CubeIDE/plugins/com.st.stm32cube.ide.mcu.externaltools.gnu-tools-for-stm32.13.3.rel1.win32_1.0.0.202411081344/tools/bin/../lib/gcc/arm-none-eabi/13.3.1/thumb/v7-m/nofp\libgcc.a(_arm_addsubdf3.o)
                0x08000160                __aeabi_drsub
                0x08000168                __aeabi_dsub
                0x08000168                __subdf3
                0x0800016c                __aeabi_dadd
                0x0800016c                __adddf3
                0x080003e4                __floatunsidf
                0x080003e4                __aeabi_ui2d
                0x08000404                __floatsidf
                0x08000404                __aeabi_i2d
                0x08000428                __aeabi_f2d
                0x08000428                __extendsfdf2
                0x0800046c                __floatundidf
                0x0800046c                __aeabi_ul2d
                0x0800047c                __floatdidf
                0x0800047c                __aeabi_l2d
 .text          0x080004d8      0x424 D:/STM32CubeIDE_1.19.0/STM32CubeIDE/plugins/com.st.stm32cube.ide.mcu.externaltools.gnu-tools-for-stm32.13.3.rel1.win32_1.0.0.202411081344/tools/bin/../lib/gcc/arm-none-eabi/13.3.1/thumb/v7-m/nofp\libgcc.a(_arm_muldivdf3.o)
                0x080004d8                __aeabi_dmul
                0x080004d8                __muldf3
                0x0800072c                __divdf3
                0x0800072c                __aeabi_ddiv
 .text          0x080008fc      0x110 D:/STM32CubeIDE_1.19.0/STM32CubeIDE/plugins/com.st.stm32cube.ide.mcu.externaltools.gnu-tools-for-stm32.13.3.rel1.win32_1.0.0.202411081344/tools/bin/../lib/gcc/arm-none-eabi/13.3.1/thumb/v7-m/nofp\libgcc.a(_arm_cmpdf2.o)
                0x080008fc                __gtdf2
                0x080008fc                __gedf2
                0x08000904                __ltdf2
                0x08000904                __ledf2
                0x0800090c                __nedf2
                0x0800090c                __eqdf2
                0x0800090c                __cmpdf2
                0x08000988                __aeabi_cdrcmple
                0x08000998                __aeabi_cdcmpeq
                0x08000998                __aeabi_cdcmple
                0x080009a8                __aeabi_dcmpeq
                0x080009bc                __aeabi_dcmplt
                0x080009d0                __aeabi_dcmple
                0x080009e4                __aeabi_dcmpge
                0x080009f8                __aeabi_dcmpgt
 .text          0x08000a0c       0x2c D:/STM32CubeIDE_1.19.0/STM32CubeIDE/plugins/com.st.stm32cube.ide.mcu.externaltools.gnu-tools-for-stm32.13.3.rel1.win32_1.0.0.202411081344/tools/bin/../lib/gcc/arm-none-eabi/13.3.1/thumb/v7-m/nofp\libgcc.a(_arm_unorddf2.o)
                0x08000a0c                __unorddf2
                0x08000a0c                __aeabi_dcmpun
 .text          0x08000a38       0x50 D:/STM32CubeIDE_1.19.0/STM32CubeIDE/plugins/com.st.stm32cube.ide.mcu.externaltools.gnu-tools-for-stm32.13.3.rel1.win32_1.0.0.202411081344/tools/bin/../lib/gcc/arm-none-eabi/13.3.1/thumb/v7-m/nofp\libgcc.a(_arm_fixdfsi.o)
                0x08000a38                __aeabi_d2iz
                0x08000a38                __fixdfsi
 .text          0x08000a88       0x40 D:/STM32CubeIDE_1.19.0/STM32CubeIDE/plugins/com.st.stm32cube.ide.mcu.externaltools.gnu-tools-for-stm32.13.3.rel1.win32_1.0.0.202411081344/tools/bin/../lib/gcc/arm-none-eabi/13.3.1/thumb/v7-m/nofp\libgcc.a(_arm_fixunsdfsi.o)
                0x08000a88                __aeabi_d2uiz
                0x08000a88                __fixunsdfsi
 .text          0x08000ac8       0xa0 D:/STM32CubeIDE_1.19.0/STM32CubeIDE/plugins/com.st.stm32cube.ide.mcu.externaltools.gnu-tools-for-stm32.13.3.rel1.win32_1.0.0.202411081344/tools/bin/../lib/gcc/arm-none-eabi/13.3.1/thumb/v7-m/nofp\libgcc.a(_arm_truncdfsf2.o)
                0x08000ac8                __truncdfsf2
                0x08000ac8                __aeabi_d2f
 .text          0x08000b68      0x21c D:/STM32CubeIDE_1.19.0/STM32CubeIDE/plugins/com.st.stm32cube.ide.mcu.externaltools.gnu-tools-for-stm32.13.3.rel1.win32_1.0.0.202411081344/tools/bin/../lib/gcc/arm-none-eabi/13.3.1/thumb/v7-m/nofp\libgcc.a(_arm_addsubsf3.o)
                0x08000b68                __aeabi_frsub
                0x08000b70                __subsf3
                0x08000b70                __aeabi_fsub
                0x08000b74                __aeabi_fadd
                0x08000b74                __addsf3
                0x08000cd4                __aeabi_ui2f
                0x08000cd4                __floatunsisf
                0x08000cdc                __aeabi_i2f
                0x08000cdc                __floatsisf
                0x08000cf8                __aeabi_ul2f
                0x08000cf8                __floatundisf
                0x08000d08                __aeabi_l2f
                0x08000d08                __floatdisf
 .text          0x08000d84      0x2a0 D:/STM32CubeIDE_1.19.0/STM32CubeIDE/plugins/com.st.stm32cube.ide.mcu.externaltools.gnu-tools-for-stm32.13.3.rel1.win32_1.0.0.202411081344/tools/bin/../lib/gcc/arm-none-eabi/13.3.1/thumb/v7-m/nofp\libgcc.a(_arm_muldivsf3.o)
                0x08000d84                __mulsf3
                0x08000d84                __aeabi_fmul
                0x08000eec                __aeabi_fdiv
                0x08000eec                __divsf3
 .text          0x08001024       0xec D:/STM32CubeIDE_1.19.0/STM32CubeIDE/plugins/com.st.stm32cube.ide.mcu.externaltools.gnu-tools-for-stm32.13.3.rel1.win32_1.0.0.202411081344/tools/bin/../lib/gcc/arm-none-eabi/13.3.1/thumb/v7-m/nofp\libgcc.a(_arm_cmpsf2.o)
                0x08001024                __gesf2
                0x08001024                __gtsf2
                0x0800102c                __lesf2
                0x0800102c                __ltsf2
                0x08001034                __nesf2
                0x08001034                __eqsf2
                0x08001034                __cmpsf2
                0x08001094                __aeabi_cfrcmple
                0x0800109c                __aeabi_cfcmpeq
                0x0800109c                __aeabi_cfcmple
                0x080010ac                __aeabi_fcmpeq
                0x080010c0                __aeabi_fcmplt
                0x080010d4                __aeabi_fcmple
                0x080010e8                __aeabi_fcmpge
                0x080010fc                __aeabi_fcmpgt
 .text          0x08001110       0x4c D:/STM32CubeIDE_1.19.0/STM32CubeIDE/plugins/com.st.stm32cube.ide.mcu.externaltools.gnu-tools-for-stm32.13.3.rel1.win32_1.0.0.202411081344/tools/bin/../lib/gcc/arm-none-eabi/13.3.1/thumb/v7-m/nofp\libgcc.a(_arm_fixsfsi.o)
                0x08001110                __aeabi_f2iz
                0x08001110                __fixsfsi
 *(.text*)
 .text.MLX90640_DumpEE
                0x0800115c       0x26 ./Core/Src/MLX90640_API.o
                0x0800115c                MLX90640_DumpEE
 .text.MLX90640_GetFrameData
                0x08001182      0x172 ./Core/Src/MLX90640_API.o
                0x08001182                MLX90640_GetFrameData
 .text.ValidateFrameData
                0x080012f4       0x60 ./Core/Src/MLX90640_API.o
 .text.ValidateAuxData
                0x08001354      0x122 ./Core/Src/MLX90640_API.o
 .text.MLX90640_ExtractParameters
                0x08001476       0x8a ./Core/Src/MLX90640_API.o
                0x08001476                MLX90640_ExtractParameters
 .text.MLX90640_SetRefreshRate
                0x08001500       0x60 ./Core/Src/MLX90640_API.o
                0x08001500                MLX90640_SetRefreshRate
 .text.MLX90640_SetChessMode
                0x08001560       0x44 ./Core/Src/MLX90640_API.o
                0x08001560                MLX90640_SetChessMode
 *fill*         0x080015a4        0x4 
 .text.MLX90640_CalculateTo
                0x080015a8      0xa80 ./Core/Src/MLX90640_API.o
                0x080015a8                MLX90640_CalculateTo
 .text.MLX90640_GetVdd
                0x08002028       0xf8 ./Core/Src/MLX90640_API.o
                0x08002028                MLX90640_GetVdd
 .text.MLX90640_GetTa
                0x08002120      0x138 ./Core/Src/MLX90640_API.o
                0x08002120                MLX90640_GetTa
 .text.MLX90640_BadPixelsCorrection
                0x08002258      0x582 ./Core/Src/MLX90640_API.o
                0x08002258                MLX90640_BadPixelsCorrection
 .text.ExtractVDDParameters
                0x080027da       0x56 ./Core/Src/MLX90640_API.o
 .text.ExtractPTATParameters
                0x08002830       0xfc ./Core/Src/MLX90640_API.o
 .text.ExtractGainParameters
                0x0800292c       0x20 ./Core/Src/MLX90640_API.o
 .text.ExtractTgcParameters
                0x0800294c       0x34 ./Core/Src/MLX90640_API.o
 .text.ExtractResolutionParameters
                0x08002980       0x2c ./Core/Src/MLX90640_API.o
 .text.ExtractKsTaParameters
                0x080029ac       0x38 ./Core/Src/MLX90640_API.o
 .text.ExtractKsToParameters
                0x080029e4      0x184 ./Core/Src/MLX90640_API.o
 .text.ExtractAlphaParameters
                0x08002b68      0x6ec ./Core/Src/MLX90640_API.o
 .text.ExtractOffsetParameters
                0x08003254      0x470 ./Core/Src/MLX90640_API.o
 *fill*         0x080036c4        0x4 
 .text.ExtractKtaPixelParameters
                0x080036c8      0x458 ./Core/Src/MLX90640_API.o
 .text.ExtractKvPixelParameters
                0x08003b20      0x3dc ./Core/Src/MLX90640_API.o
 .text.ExtractCPParameters
                0x08003efc      0x264 ./Core/Src/MLX90640_API.o
 .text.ExtractCILCParameters
                0x08004160      0x130 ./Core/Src/MLX90640_API.o
 .text.ExtractDeviatingPixels
                0x08004290      0x1f6 ./Core/Src/MLX90640_API.o
 .text.CheckAdjacentPixels
                0x08004486       0x72 ./Core/Src/MLX90640_API.o
 .text.GetMedian
                0x080044f8       0xe0 ./Core/Src/MLX90640_API.o
 .text.IsPixelBad
                0x080045d8       0x54 ./Core/Src/MLX90640_API.o
 .text.MX_DMA_Init
                0x0800462c       0x3c ./Core/Src/dma.o
                0x0800462c                MX_DMA_Init
 .text.MX_GPIO_Init
                0x08004668       0xb0 ./Core/Src/gpio.o
                0x08004668                MX_GPIO_Init
 .text.I2C1_RecoverBus
                0x08004718       0xd0 ./Core/Src/i2c.o
 .text.TCA9548A_IsBusyOrTimeout
                0x080047e8       0x30 ./Core/Src/i2c.o
 .text.TCA9548A_WriteChannelMask
                0x08004818       0x44 ./Core/Src/i2c.o
 .text.MLX90640_HAL_StatusToError
                0x0800485c       0x40 ./Core/Src/i2c.o
 .text.MX_I2C1_Init
                0x0800489c       0x60 ./Core/Src/i2c.o
                0x0800489c                MX_I2C1_Init
 .text.HAL_I2C_MspInit
                0x080048fc       0x7c ./Core/Src/i2c.o
                0x080048fc                HAL_I2C_MspInit
 .text.HAL_I2C_MspDeInit
                0x08004978       0x44 ./Core/Src/i2c.o
                0x08004978                HAL_I2C_MspDeInit
 .text.TCA9548A_SelectChannel
                0x080049bc       0xe4 ./Core/Src/i2c.o
                0x080049bc                TCA9548A_SelectChannel
 .text.MLX90640_SelectSensor
                0x08004aa0       0x30 ./Core/Src/i2c.o
                0x08004aa0                MLX90640_SelectSensor
 .text.MLX90640_GetSensorChannel
                0x08004ad0       0x28 ./Core/Src/i2c.o
                0x08004ad0                MLX90640_GetSensorChannel
 .text.TCA9548A_GetLastHalStatus
                0x08004af8       0x14 ./Core/Src/i2c.o
                0x08004af8                TCA9548A_GetLastHalStatus
 .text.TCA9548A_GetLastErrorCode
                0x08004b0c       0x14 ./Core/Src/i2c.o
                0x08004b0c                TCA9548A_GetLastErrorCode
 .text.MLX90640_GetLastHalStatus
                0x08004b20       0x14 ./Core/Src/i2c.o
                0x08004b20                MLX90640_GetLastHalStatus
 .text.MLX90640_GetLastErrorCode
                0x08004b34       0x14 ./Core/Src/i2c.o
                0x08004b34                MLX90640_GetLastErrorCode
 .text.MLX90640_I2CRead
                0x08004b48      0x12c ./Core/Src/i2c.o
                0x08004b48                MLX90640_I2CRead
 .text.MLX90640_I2CProbe
                0x08004c74       0x48 ./Core/Src/i2c.o
                0x08004c74                MLX90640_I2CProbe
 .text.MLX90640_I2CWrite
                0x08004cbc       0x70 ./Core/Src/i2c.o
                0x08004cbc                MLX90640_I2CWrite
 .text.MLX90640_InitSensor
                0x08004d2c       0x94 ./Core/Src/main.o
 .text.MLX90640_InitSensorOnChannel
                0x08004dc0       0x70 ./Core/Src/main.o
 .text.MLX90640_LoadParametersOnChannel
                0x08004e30      0x108 ./Core/Src/main.o
 .text.UART_SendString
                0x08004f38       0x58 ./Core/Src/main.o
 .text.HAL_UART_TxCpltCallback
                0x08004f90       0x2c ./Core/Src/main.o
                0x08004f90                HAL_UART_TxCpltCallback
 .text.UART_SendInt
                0x08004fbc       0xe0 ./Core/Src/main.o
 .text.UART_SendHexByte
                0x0800509c       0x48 ./Core/Src/main.o
 .text.UART_SendHexWord
                0x080050e4       0x64 ./Core/Src/main.o
 .text.UART_SendInitError
                0x08005148       0x98 ./Core/Src/main.o
 .text.UART_AppendTemperature
                0x080051e0      0x20c ./Core/Src/main.o
 .text.main     0x080053ec      0x288 ./Core/Src/main.o
                0x080053ec                main
 .text.SystemClock_Config
                0x08005674       0x8a ./Core/Src/main.o
                0x08005674                SystemClock_Config
 .text.Error_Handler
                0x080056fe        0xc ./Core/Src/main.o
                0x080056fe                Error_Handler
 *fill*         0x0800570a        0x2 
 .text.HAL_MspInit
                0x0800570c       0x64 ./Core/Src/stm32f1xx_hal_msp.o
                0x0800570c                HAL_MspInit
 .text.NMI_Handler
                0x08005770        0x8 ./Core/Src/stm32f1xx_it.o
                0x08005770                NMI_Handler
 .text.HardFault_Handler
                0x08005778        0x8 ./Core/Src/stm32f1xx_it.o
                0x08005778                HardFault_Handler
 .text.MemManage_Handler
                0x08005780        0x8 ./Core/Src/stm32f1xx_it.o
                0x08005780                MemManage_Handler
 .text.BusFault_Handler
                0x08005788        0x8 ./Core/Src/stm32f1xx_it.o
                0x08005788                BusFault_Handler
 .text.UsageFault_Handler
                0x08005790        0x8 ./Core/Src/stm32f1xx_it.o
                0x08005790                UsageFault_Handler
 .text.SVC_Handler
                0x08005798        0xc ./Core/Src/stm32f1xx_it.o
                0x08005798                SVC_Handler
 .text.DebugMon_Handler
                0x080057a4        0xc ./Core/Src/stm32f1xx_it.o
                0x080057a4                DebugMon_Handler
 .text.PendSV_Handler
                0x080057b0        0xc ./Core/Src/stm32f1xx_it.o
                0x080057b0                PendSV_Handler
 .text.SysTick_Handler
                0x080057bc        0xc ./Core/Src/stm32f1xx_it.o
                0x080057bc                SysTick_Handler
 .text.DMA1_Channel4_IRQHandler
                0x080057c8       0x14 ./Core/Src/stm32f1xx_it.o
                0x080057c8                DMA1_Channel4_IRQHandler
 .text.USART1_IRQHandler
                0x080057dc       0x14 ./Core/Src/stm32f1xx_it.o
                0x080057dc                USART1_IRQHandler
 .text.SystemInit
                0x080057f0        0xc ./Core/Src/system_stm32f1xx.o
                0x080057f0                SystemInit
 .text.MX_USART1_UART_Init
                0x080057fc       0x60 ./Core/Src/usart.o
                0x080057fc                MX_USART1_UART_Init
 .text.HAL_UART_MspInit
                0x0800585c       0xfc ./Core/Src/usart.o
                0x0800585c                HAL_UART_MspInit
 .text.HAL_UART_RxCpltCallback
                0x08005958       0xb8 ./Core/Src/usart.o
                0x08005958                HAL_UART_RxCpltCallback
 .text.Reset_Handler
                0x08005a10       0x48 ./Core/Startup/startup_stm32f103c8tx.o
                0x08005a10                Reset_Handler
 .text.Default_Handler
                0x08005a58        0x2 ./Core/Startup/startup_stm32f103c8tx.o
                0x08005a58                RTC_Alarm_IRQHandler
                0x08005a58                EXTI2_IRQHandler
                0x08005a58                TIM1_CC_IRQHandler
                0x08005a58                PVD_IRQHandler
                0x08005a58                EXTI3_IRQHandler
                0x08005a58                EXTI0_IRQHandler
                0x08005a58                I2C2_EV_IRQHandler
                0x08005a58                ADC1_2_IRQHandler
                0x08005a58                SPI1_IRQHandler
                0x08005a58                TAMPER_IRQHandler
                0x08005a58                USART3_IRQHandler
                0x08005a58                RTC_IRQHandler
                0x08005a58                DMA1_Channel7_IRQHandler
                0x08005a58                CAN1_RX1_IRQHandler
                0x08005a58                TIM4_IRQHandler
                0x08005a58                I2C1_EV_IRQHandler
                0x08005a58                DMA1_Channel6_IRQHandler
                0x08005a58                TIM3_IRQHandler
                0x08005a58                RCC_IRQHandler
                0x08005a58                TIM1_TRG_COM_IRQHandler
                0x08005a58                DMA1_Channel1_IRQHandler
                0x08005a58                Default_Handler
                0x08005a58                EXTI15_10_IRQHandler
                0x08005a58                EXTI9_5_IRQHandler
                0x08005a58                SPI2_IRQHandler
                0x08005a58                DMA1_Channel5_IRQHandler
                0x08005a58                EXTI4_IRQHandler
                0x08005a58                USB_LP_CAN1_RX0_IRQHandler
                0x08005a58                USB_HP_CAN1_TX_IRQHandler
                0x08005a58                DMA1_Channel3_IRQHandler
                0x08005a58                TIM1_UP_IRQHandler
                0x08005a58                WWDG_IRQHandler
                0x08005a58                TIM2_IRQHandler
                0x08005a58                TIM1_BRK_IRQHandler
                0x08005a58                EXTI1_IRQHandler
                0x08005a58                USART2_IRQHandler
                0x08005a58                I2C2_ER_IRQHandler
                0x08005a58                DMA1_Channel2_IRQHandler
                0x08005a58                CAN1_SCE_IRQHandler
                0x08005a58                FLASH_IRQHandler
                0x08005a58                I2C1_ER_IRQHandler
                0x08005a58                USBWakeUp_IRQHandler
 *fill*         0x08005a5a        0x2 
 .text.HAL_Init
                0x08005a5c       0x2c ./Drivers/STM32F1xx_HAL_Driver/Src/stm32f1xx_hal.o
                0x08005a5c                HAL_Init
 .text.HAL_InitTick
                0x08005a88       0x60 ./Drivers/STM32F1xx_HAL_Driver/Src/stm32f1xx_hal.o
                0x08005a88                HAL_InitTick
 .text.HAL_IncTick
                0x08005ae8       0x24 ./Drivers/STM32F1xx_HAL_Driver/Src/stm32f1xx_hal.o
                0x08005ae8                HAL_IncTick
 .text.HAL_GetTick
                0x08005b0c       0x14 ./Drivers/STM32F1xx_HAL_Driver/Src/stm32f1xx_hal.o
                0x08005b0c                HAL_GetTick
 .text.HAL_Delay
                0x08005b20       0x48 ./Drivers/STM32F1xx_HAL_Driver/Src/stm32f1xx_hal.o
                0x08005b20                HAL_Delay
 .text.__NVIC_SetPriorityGrouping
                0x08005b68       0x48 ./Drivers/STM32F1xx_HAL_Driver/Src/stm32f1xx_hal_cortex.o
 .text.__NVIC_GetPriorityGrouping
                0x08005bb0       0x1c ./Drivers/STM32F1xx_HAL_Driver/Src/stm32f1xx_hal_cortex.o
 .text.__NVIC_EnableIRQ
                0x08005bcc       0x38 ./Drivers/STM32F1xx_HAL_Driver/Src/stm32f1xx_hal_cortex.o
 .text.__NVIC_SetPriority
                0x08005c04       0x54 ./Drivers/STM32F1xx_HAL_Driver/Src/stm32f1xx_hal_cortex.o
 .text.NVIC_EncodePriority
                0x08005c58       0x64 ./Drivers/STM32F1xx_HAL_Driver/Src/stm32f1xx_hal_cortex.o
 .text.SysTick_Config
                0x08005cbc       0x44 ./Drivers/STM32F1xx_HAL_Driver/Src/stm32f1xx_hal_cortex.o
 .text.HAL_NVIC_SetPriorityGrouping
                0x08005d00       0x16 ./Drivers/STM32F1xx_HAL_Driver/Src/stm32f1xx_hal_cortex.o
                0x08005d00                HAL_NVIC_SetPriorityGrouping
 .text.HAL_NVIC_SetPriority
                0x08005d16       0x38 ./Drivers/STM32F1xx_HAL_Driver/Src/stm32f1xx_hal_cortex.o
                0x08005d16                HAL_NVIC_SetPriority
 .text.HAL_NVIC_EnableIRQ
                0x08005d4e       0x1c ./Drivers/STM32F1xx_HAL_Driver/Src/stm32f1xx_hal_cortex.o
                0x08005d4e                HAL_NVIC_EnableIRQ
 .text.HAL_SYSTICK_Config
                0x08005d6a       0x18 ./Drivers/STM32F1xx_HAL_Driver/Src/stm32f1xx_hal_cortex.o
                0x08005d6a                HAL_SYSTICK_Config
 *fill*         0x08005d82        0x2 
 .text.HAL_DMA_Init
                0x08005d84       0xb4 ./Drivers/STM32F1xx_HAL_Driver/Src/stm32f1xx_hal_dma.o
                0x08005d84                HAL_DMA_Init
 .text.HAL_DMA_Start_IT
                0x08005e38       0xc0 ./Drivers/STM32F1xx_HAL_Driver/Src/stm32f1xx_hal_dma.o
                0x08005e38                HAL_DMA_Start_IT
 .text.HAL_DMA_Abort
                0x08005ef8       0x76 ./Drivers/STM32F1xx_HAL_Driver/Src/stm32f1xx_hal_dma.o
                0x08005ef8                HAL_DMA_Abort
 *fill*         0x08005f6e        0x2 
 .text.HAL_DMA_Abort_IT
                0x08005f70       0xf0 ./Drivers/STM32F1xx_HAL_Driver/Src/stm32f1xx_hal_dma.o
                0x08005f70                HAL_DMA_Abort_IT
 .text.HAL_DMA_IRQHandler
                0x08006060      0x20c ./Drivers/STM32F1xx_HAL_Driver/Src/stm32f1xx_hal_dma.o
                0x08006060                HAL_DMA_IRQHandler
 .text.DMA_SetConfig
                0x0800626c       0x5a ./Drivers/STM32F1xx_HAL_Driver/Src/stm32f1xx_hal_dma.o
 *fill*         0x080062c6        0x2 
 .text.HAL_GPIO_Init
                0x080062c8      0x308 ./Drivers/STM32F1xx_HAL_Driver/Src/stm32f1xx_hal_gpio.o
                0x080062c8                HAL_GPIO_Init
 .text.HAL_GPIO_DeInit
                0x080065d0      0x178 ./Drivers/STM32F1xx_HAL_Driver/Src/stm32f1xx_hal_gpio.o
                0x080065d0                HAL_GPIO_DeInit
 .text.HAL_GPIO_WritePin
                0x08006748       0x30 ./Drivers/STM32F1xx_HAL_Driver/Src/stm32f1xx_hal_gpio.o
                0x08006748                HAL_GPIO_WritePin
 .text.HAL_GPIO_TogglePin
                0x08006778       0x32 ./Drivers/STM32F1xx_HAL_Driver/Src/stm32f1xx_hal_gpio.o
                0x08006778                HAL_GPIO_TogglePin
 *fill*         0x080067aa        0x2 
 .text.HAL_I2C_Init
                0x080067ac      0x288 ./Drivers/STM32F1xx_HAL_Driver/Src/stm32f1xx_hal_i2c.o
                0x080067ac                HAL_I2C_Init
 .text.HAL_I2C_DeInit
                0x08006a34       0x5e ./Drivers/STM32F1xx_HAL_Driver/Src/stm32f1xx_hal_i2c.o
                0x08006a34                HAL_I2C_DeInit
 *fill*         0x08006a92        0x2 
 .text.HAL_I2C_Master_Transmit
                0x08006a94      0x1fc ./Drivers/STM32F1xx_HAL_Driver/Src/stm32f1xx_hal_i2c.o
                0x08006a94                HAL_I2C_Master_Transmit
 .text.HAL_I2C_Mem_Write
                0x08006c90      0x1f4 ./Drivers/STM32F1xx_HAL_Driver/Src/stm32f1xx_hal_i2c.o
                0x08006c90                HAL_I2C_Mem_Write
 .text.HAL_I2C_Mem_Read
                0x08006e84      0x4e8 ./Drivers/STM32F1xx_HAL_Driver/Src/stm32f1xx_hal_i2c.o
                0x08006e84                HAL_I2C_Mem_Read
 .text.HAL_I2C_IsDeviceReady
                0x0800736c      0x25c ./Drivers/STM32F1xx_HAL_Driver/Src/stm32f1xx_hal_i2c.o
                0x0800736c                HAL_I2C_IsDeviceReady
 .text.I2C_MasterRequestWrite
                0x080075c8      0x104 ./Drivers/STM32F1xx_HAL_Driver/Src/stm32f1xx_hal_i2c.o
 .text.I2C_RequestMemoryWrite
                0x080076cc      0x12c ./Drivers/STM32F1xx_HAL_Driver/Src/stm32f1xx_hal_i2c.o
 .text.I2C_RequestMemoryRead
                0x080077f8      0x1d0 ./Drivers/STM32F1xx_HAL_Driver/Src/stm32f1xx_hal_i2c.o
 .text.I2C_WaitOnFlagUntilTimeout
                0x080079c8       0xf4 ./Drivers/STM32F1xx_HAL_Driver/Src/stm32f1xx_hal_i2c.o
 .text.I2C_WaitOnMasterAddressFlagUntilTimeout
                0x08007abc      0x140 ./Drivers/STM32F1xx_HAL_Driver/Src/stm32f1xx_hal_i2c.o
 .text.I2C_WaitOnTXEFlagUntilTimeout
                0x08007bfc       0x90 ./Drivers/STM32F1xx_HAL_Driver/Src/stm32f1xx_hal_i2c.o
 .text.I2C_WaitOnBTFFlagUntilTimeout
                0x08007c8c       0x90 ./Drivers/STM32F1xx_HAL_Driver/Src/stm32f1xx_hal_i2c.o
 .text.I2C_WaitOnRXNEFlagUntilTimeout
                0x08007d1c       0xba ./Drivers/STM32F1xx_HAL_Driver/Src/stm32f1xx_hal_i2c.o
 .text.I2C_IsAcknowledgeFailed
                0x08007dd6       0x5c ./Drivers/STM32F1xx_HAL_Driver/Src/stm32f1xx_hal_i2c.o
 *fill*         0x08007e32        0x2 
 .text.HAL_RCC_OscConfig
                0x08007e34      0x504 ./Drivers/STM32F1xx_HAL_Driver/Src/stm32f1xx_hal_rcc.o
                0x08007e34                HAL_RCC_OscConfig
 .text.HAL_RCC_ClockConfig
                0x08008338      0x1d4 ./Drivers/STM32F1xx_HAL_Driver/Src/stm32f1xx_hal_rcc.o
                0x08008338                HAL_RCC_ClockConfig
 .text.HAL_RCC_GetSysClockFreq
                0x0800850c       0xa8 ./Drivers/STM32F1xx_HAL_Driver/Src/stm32f1xx_hal_rcc.o
                0x0800850c                HAL_RCC_GetSysClockFreq
 .text.HAL_RCC_GetHCLKFreq
                0x080085b4       0x14 ./Drivers/STM32F1xx_HAL_Driver/Src/stm32f1xx_hal_rcc.o
                0x080085b4                HAL_RCC_GetHCLKFreq
 .text.HAL_RCC_GetPCLK1Freq
                0x080085c8       0x28 ./Drivers/STM32F1xx_HAL_Driver/Src/stm32f1xx_hal_rcc.o
                0x080085c8                HAL_RCC_GetPCLK1Freq
 .text.HAL_RCC_GetPCLK2Freq
                0x080085f0       0x28 ./Drivers/STM32F1xx_HAL_Driver/Src/stm32f1xx_hal_rcc.o
                0x080085f0                HAL_RCC_GetPCLK2Freq
 .text.RCC_Delay
                0x08008618       0x3c ./Drivers/STM32F1xx_HAL_Driver/Src/stm32f1xx_hal_rcc.o
 .text.HAL_UART_Init
                0x08008654       0xa0 ./Drivers/STM32F1xx_HAL_Driver/Src/stm32f1xx_hal_uart.o
                0x08008654                HAL_UART_Init
 .text.HAL_UART_Receive_IT
                0x080086f4       0x4a ./Drivers/STM32F1xx_HAL_Driver/Src/stm32f1xx_hal_uart.o
                0x080086f4                HAL_UART_Receive_IT
 *fill*         0x0800873e        0x2 
 .text.HAL_UART_Transmit_DMA
                0x08008740       0xe0 ./Drivers/STM32F1xx_HAL_Driver/Src/stm32f1xx_hal_uart.o
                0x08008740                HAL_UART_Transmit_DMA
 .text.HAL_UART_IRQHandler
                0x08008820      0x524 ./Drivers/STM32F1xx_HAL_Driver/Src/stm32f1xx_hal_uart.o
                0x08008820                HAL_UART_IRQHandler
 .text.HAL_UART_TxHalfCpltCallback
                0x08008d44       0x12 ./Drivers/STM32F1xx_HAL_Driver/Src/stm32f1xx_hal_uart.o
                0x08008d44                HAL_UART_TxHalfCpltCallback
 .text.HAL_UART_ErrorCallback
                0x08008d56       0x12 ./Drivers/STM32F1xx_HAL_Driver/Src/stm32f1xx_hal_uart.o
                0x08008d56                HAL_UART_ErrorCallback
 .text.HAL_UARTEx_RxEventCallback
                0x08008d68       0x16 ./Drivers/STM32F1xx_HAL_Driver/Src/stm32f1xx_hal_uart.o
                0x08008d68                HAL_UARTEx_RxEventCallback
 .text.UART_DMATransmitCplt
                0x08008d7e       0x9a ./Drivers/STM32F1xx_HAL_Driver/Src/stm32f1xx_hal_uart.o
 .text.UART_DMATxHalfCplt
                0x08008e18       0x1c ./Drivers/STM32F1xx_HAL_Driver/Src/stm32f1xx_hal_uart.o
 .text.UART_DMAError
                0x08008e34       0x94 ./Drivers/STM32F1xx_HAL_Driver/Src/stm32f1xx_hal_uart.o
 .text.UART_Start_Receive_IT
                0x08008ec8       0x72 ./Drivers/STM32F1xx_HAL_Driver/Src/stm32f1xx_hal_uart.o
                0x08008ec8                UART_Start_Receive_IT
 .text.UART_EndTxTransfer
                0x08008f3a       0x4e ./Drivers/STM32F1xx_HAL_Driver/Src/stm32f1xx_hal_uart.o
 .text.UART_EndRxTransfer
                0x08008f88       0xc4 ./Drivers/STM32F1xx_HAL_Driver/Src/stm32f1xx_hal_uart.o
 .text.UART_DMAAbortOnError
                0x0800904c       0x28 ./Drivers/STM32F1xx_HAL_Driver/Src/stm32f1xx_hal_uart.o
 .text.UART_Transmit_IT
                0x08009074       0x9e ./Drivers/STM32F1xx_HAL_Driver/Src/stm32f1xx_hal_uart.o
 .text.UART_EndTransmit_IT
                0x08009112       0x30 ./Drivers/STM32F1xx_HAL_Driver/Src/stm32f1xx_hal_uart.o
 .text.UART_Receive_IT
                0x08009142      0x17c ./Drivers/STM32F1xx_HAL_Driver/Src/stm32f1xx_hal_uart.o
 *fill*         0x080092be        0x2 
 .text.UART_SetConfig
                0x080092c0      0x11c ./Drivers/STM32F1xx_HAL_Driver/Src/stm32f1xx_hal_uart.o
 .text.memset   0x080093dc       0x10 D:/STM32CubeIDE_1.19.0/STM32CubeIDE/plugins/com.st.stm32cube.ide.mcu.externaltools.gnu-tools-for-stm32.13.3.rel1.win32_1.0.0.202411081344/tools/bin/../lib/gcc/arm-none-eabi/13.3.1/../../../../arm-none-eabi/lib/thumb/v7-m/nofp\libc_nano.a(libc_a-memset.o)
                0x080093dc                memset
 .text.__errno  0x080093ec        0xc D:/STM32CubeIDE_1.19.0/STM32CubeIDE/plugins/com.st.stm32cube.ide.mcu.externaltools.gnu-tools-for-stm32.13.3.rel1.win32_1.0.0.202411081344/tools/bin/../lib/gcc/arm-none-eabi/13.3.1/../../../../arm-none-eabi/lib/thumb/v7-m/nofp\libc_nano.a(libc_a-errno.o)
                0x080093ec                __errno
 .text.__libc_init_array
                0x080093f8       0x48 D:/STM32CubeIDE_1.19.0/STM32CubeIDE/plugins/com.st.stm32cube.ide.mcu.externaltools.gnu-tools-for-stm32.13.3.rel1.win32_1.0.0.202411081344/tools/bin/../lib/gcc/arm-none-eabi/13.3.1/../../../../arm-none-eabi/lib/thumb/v7-m/nofp\libc_nano.a(libc_a-init.o)
                0x080093f8                __libc_init_array
 .text.pow      0x08009440       0xd0 D:/STM32CubeIDE_1.19.0/STM32CubeIDE/plugins/com.st.stm32cube.ide.mcu.externaltools.gnu-tools-for-stm32.13.3.rel1.win32_1.0.0.202411081344/tools/bin/../lib/gcc/arm-none-eabi/13.3.1/../../../../arm-none-eabi/lib/thumb/v7-m/nofp\libm.a(libm_a-w_pow.o)
                0x08009440                pow
 .text.sqrt     0x08009510       0x48 D:/STM32CubeIDE_1.19.0/STM32CubeIDE/plugins/com.st.stm32cube.ide.mcu.externaltools.gnu-tools-for-stm32.13.3.rel1.win32_1.0.0.202411081344/tools/bin/../lib/gcc/arm-none-eabi/13.3.1/../../../../arm-none-eabi/lib/thumb/v7-m/nofp\libm.a(libm_a-w_sqrt.o)
                0x08009510                sqrt
 .text.finite   0x08009558        0xc D:/STM32CubeIDE_1.19.0/STM32CubeIDE/plugins/com.st.stm32cube.ide.mcu.externaltools.gnu-tools-for-stm32.13.3.rel1.win32_1.0.0.202411081344/tools/bin/../lib/gcc/arm-none-eabi/13.3.1/../../../../arm-none-eabi/lib/thumb/v7-m/nofp\libm.a(libm_a-s_finite.o)
                0x08009558                finite
 .text.__ieee754_sqrt
                0x08009564      0x1a4 D:/STM32CubeIDE_1.19.0/STM32CubeIDE/plugins/com.st.stm32cube.ide.mcu.externaltools.gnu-tools-for-stm32.13.3.rel1.win32_1.0.0.202411081344/tools/bin/../lib/gcc/arm-none-eabi/13.3.1/../../../../arm-none-eabi/lib/thumb/v7-m/nofp\libm.a(libm_a-e_sqrt.o)
                0x08009564                __ieee754_sqrt
 .text.__ieee754_pow
                0x08009708      0xa54 D:/STM32CubeIDE_1.19.0/STM32CubeIDE/plugins/com.st.stm32cube.ide.mcu.externaltools.gnu-tools-for-stm32.13.3.rel1.win32_1.0.0.202411081344/tools/bin/../lib/gcc/arm-none-eabi/13.3.1/../../../../arm-none-eabi/lib/thumb/v7-m/nofp\libm.a(libm_a-e_pow.o)
                0x08009708                __ieee754_pow
 .text.fabs     0x0800a15c        0x8 D:/STM32CubeIDE_1.19.0/STM32CubeIDE/plugins/com.st.stm32cube.ide.mcu.externaltools.gnu-tools-for-stm32.13.3.rel1.win32_1.0.0.202411081344/tools/bin/../lib/gcc/arm-none-eabi/13.3.1/../../../../arm-none-eabi/lib/thumb/v7-m/nofp\libm.a(libm_a-s_fabs.o)
                0x0800a15c                fabs
 *fill*         0x0800a164        0x4 
 .text.scalbn   0x0800a168       0xe4 D:/STM32CubeIDE_1.19.0/STM32CubeIDE/plugins/com.st.stm32cube.ide.mcu.externaltools.gnu-tools-for-stm32.13.3.rel1.win32_1.0.0.202411081344/tools/bin/../lib/gcc/arm-none-eabi/13.3.1/../../../../arm-none-eabi/lib/thumb/v7-m/nofp\libm.a(libm_a-s_scalbn.o)
                0x0800a168                scalbn
 .text.with_errno
                0x0800a24c       0x14 D:/STM32CubeIDE_1.19.0/STM32CubeIDE/plugins/com.st.stm32cube.ide.mcu.externaltools.gnu-tools-for-stm32.13.3.rel1.win32_1.0.0.202411081344/tools/bin/../lib/gcc/arm-none-eabi/13.3.1/../../../../arm-none-eabi/lib/thumb/v7-m/nofp\libm.a(libm_a-math_err.o)
 .text.xflow    0x0800a260       0x26 D:/STM32CubeIDE_1.19.0/STM32CubeIDE/plugins/com.st.stm32cube.ide.mcu.externaltools.gnu-tools-for-stm32.13.3.rel1.win32_1.0.0.202411081344/tools/bin/../lib/gcc/arm-none-eabi/13.3.1/../../../../arm-none-eabi/lib/thumb/v7-m/nofp\libm.a(libm_a-math_err.o)
 .text.__math_uflow
                0x0800a286        0xa D:/STM32CubeIDE_1.19.0/STM32CubeIDE/plugins/com.st.stm32cube.ide.mcu.externaltools.gnu-tools-for-stm32.13.3.rel1.win32_1.0.0.202411081344/tools/bin/../lib/gcc/arm-none-eabi/13.3.1/../../../../arm-none-eabi/lib/thumb/v7-m/nofp\libm.a(libm_a-math_err.o)
                0x0800a286                __math_uflow
 .text.__math_oflow
                0x0800a290        0xa D:/STM32CubeIDE_1.19.0/STM32CubeIDE/plugins/com.st.stm32cube.ide.mcu.externaltools.gnu-tools-for-stm32.13.3.rel1.win32_1.0.0.202411081344/tools/bin/../lib/gcc/arm-none-eabi/13.3.1/../../../../arm-none-eabi/lib/thumb/v7-m/nofp\libm.a(libm_a-math_err.o)
                0x0800a290                __math_oflow
 *(.glue_7)
 .glue_7        0x0800a29a        0x0 linker stubs
 *(.glue_7t)
 .glue_7t       0x0800a29a        0x0 linker stubs
 *(.eh_frame)
 *fill*         0x0800a29a        0x2 
 .eh_frame      0x0800a29c        0x0 D:/STM32CubeIDE_1.19.0/STM32CubeIDE/plugins/com.st.stm32cube.ide.mcu.externaltools.gnu-tools-for-stm32.13.3.rel1.win32_1.0.0.202411081344/tools/bin/../lib/gcc/arm-none-eabi/13.3.1/thumb/v7-m/nofp/crtbegin.o
 *(.init)
 .init          0x0800a29c        0x4 D:/STM32CubeIDE_1.19.0/STM32CubeIDE/plugins/com.st.stm32cube.ide.mcu.externaltools.gnu-tools-for-stm32.13.3.rel1.win32_1.0.0.202411081344/tools/bin/../lib/gcc/arm-none-eabi/13.3.1/thumb/v7-m/nofp/crti.o
                0x0800a29c                _init
 .init          0x0800a2a0        0x8 D:/STM32CubeIDE_1.19.0/STM32CubeIDE/plugins/com.st.stm32cube.ide.mcu.externaltools.gnu-tools-for-stm32.13.3.rel1.win32_1.0.0.202411081344/tools/bin/../lib/gcc/arm-none-eabi/13.3.1/thumb/v7-m/nofp/crtn.o
 *(.fini)
 .fini          0x0800a2a8        0x4 D:/STM32CubeIDE_1.19.0/STM32CubeIDE/plugins/com.st.stm32cube.ide.mcu.externaltools.gnu-tools-for-stm32.13.3.rel1.win32_1.0.0.202411081344/tools/bin/../lib/gcc/arm-none-eabi/13.3.1/thumb/v7-m/nofp/crti.o
                0x0800a2a8                _fini
 .fini          0x0800a2ac        0x8 D:/STM32CubeIDE_1.19.0/STM32CubeIDE/plugins/com.st.stm32cube.ide.mcu.externaltools.gnu-tools-for-stm32.13.3.rel1.win32_1.0.0.202411081344/tools/bin/../lib/gcc/arm-none-eabi/13.3.1/thumb/v7-m/nofp/crtn.o
                0x0800a2b4                        . = ALIGN (0x4)
                0x0800a2b4                        _etext = .

.vfp11_veneer   0x0800a2b4        0x0
 .vfp11_veneer  0x0800a2b4        0x0 linker stubs

.v4_bx          0x0800a2b4        0x0
 .v4_bx         0x0800a2b4        0x0 linker stubs

.iplt           0x0800a2b4        0x0
 .iplt          0x0800a2b4        0x0 D:/STM32CubeIDE_1.19.0/STM32CubeIDE/plugins/com.st.stm32cube.ide.mcu.externaltools.gnu-tools-for-stm32.13.3.rel1.win32_1.0.0.202411081344/tools/bin/../lib/gcc/arm-none-eabi/13.3.1/thumb/v7-m/nofp/crtbegin.o

.rodata         0x0800a2b8      0x210
                0x0800a2b8                        . = ALIGN (0x4)
 *(.rodata)
 .rodata        0x0800a2b8      0x174 ./Core/Src/main.o
 *(.rodata*)
 .rodata.mlx90640SensorChannels
                0x0800a42c        0x4 ./Core/Src/i2c.o
 .rodata.hexDigits.1
                0x0800a430       0x11 ./Core/Src/main.o
 *fill*         0x0800a441        0x3 
 .rodata.hexDigits.0
                0x0800a444       0x11 ./Core/Src/main.o
 *fill*         0x0800a455        0x3 
 .rodata.AHBPrescTable
                0x0800a458       0x10 ./Core/Src/system_stm32f1xx.o
                0x0800a458                AHBPrescTable
 .rodata.APBPrescTable
                0x0800a468        0x8 ./Core/Src/system_stm32f1xx.o
                0x0800a468                APBPrescTable
 .rodata.aPLLMULFactorTable.1
                0x0800a470       0x10 ./Drivers/STM32F1xx_HAL_Driver/Src/stm32f1xx_hal_rcc.o
 .rodata.aPredivFactorTable.0
                0x0800a480        0x2 ./Drivers/STM32F1xx_HAL_Driver/Src/stm32f1xx_hal_rcc.o
 *fill*         0x0800a482        0x6 
 .rodata.tiny   0x0800a488        0x8 D:/STM32CubeIDE_1.19.0/STM32CubeIDE/plugins/com.st.stm32cube.ide.mcu.externaltools.gnu-tools-for-stm32.13.3.rel1.win32_1.0.0.202411081344/tools/bin/../lib/gcc/arm-none-eabi/13.3.1/../../../../arm-none-eabi/lib/thumb/v7-m/nofp\libm.a(libm_a-e_sqrt.o)
 .rodata.one    0x0800a490        0x8 D:/STM32CubeIDE_1.19.0/STM32CubeIDE/plugins/com.st.stm32cube.ide.mcu.externaltools.gnu-tools-for-stm32.13.3.rel1.win32_1.0.0.202411081344/tools/bin/../lib/gcc/arm-none-eabi/13.3.1/../../../../arm-none-eabi/lib/thumb/v7-m/nofp\libm.a(libm_a-e_sqrt.o)
 .rodata.dp_l   0x0800a498       0x10 D:/STM32CubeIDE_1.19.0/STM32CubeIDE/plugins/com.st.stm32cube.ide.mcu.externaltools.gnu-tools-for-stm32.13.3.rel1.win32_1.0.0.202411081344/tools/bin/../lib/gcc/arm-none-eabi/13.3.1/../../../../arm-none-eabi/lib/thumb/v7-m/nofp\libm.a(libm_a-e_pow.o)
 .rodata.dp_h   0x0800a4a8       0x10 D:/STM32CubeIDE_1.19.0/STM32CubeIDE/plugins/com.st.stm32cube.ide.mcu.externaltools.gnu-tools-for-stm32.13.3.rel1.win32_1.0.0.202411081344/tools/bin/../lib/gcc/arm-none-eabi/13.3.1/../../../../arm-none-eabi/lib/thumb/v7-m/nofp\libm.a(libm_a-e_pow.o)
 .rodata.bp     0x0800a4b8       0x10 D:/STM32CubeIDE_1.19.0/STM32CubeIDE/plugins/com.st.stm32cube.ide.mcu.externaltools.gnu-tools-for-stm32.13.3.rel1.win32_1.0.0.202411081344/tools/bin/../lib/gcc/arm-none-eabi/13.3.1/../../../../arm-none-eabi/lib/thumb/v7-m/nofp\libm.a(libm_a-e_pow.o)
                0x0800a4c8                        . = ALIGN (0x4)

.ARM.extab      0x0800a4c8        0x0
                0x0800a4c8                        . = ALIGN (0x4)
 *(.ARM.extab* .gnu.linkonce.armextab.*)
                0x0800a4c8                        . = ALIGN (0x4)

.ARM            0x0800a4c8        0x8
                0x0800a4c8                        . = ALIGN (0x4)
                0x0800a4c8                        __exidx_start = .
 *(.ARM.exidx*)
 .ARM.exidx     0x0800a4c8        0x8 D:/STM32CubeIDE_1.19.0/STM32CubeIDE/plugins/com.st.stm32cube.ide.mcu.externaltools.gnu-tools-for-stm32.13.3.rel1.win32_1.0.0.202411081344/tools/bin/../lib/gcc/arm-none-eabi/13.3.1/../../../../arm-none-eabi/lib/thumb/v7-m/nofp\libc_nano.a(libc_a-strlen.o)
                0x0800a4d0                        __exidx_end = .
                0x0800a4d0                        . = ALIGN (0x4)

.preinit_array  0x0800a4d0        0x0
                0x0800a4d0                        . = ALIGN (0x4)
                0x0800a4d0                        PROVIDE (__preinit_array_start = .)
 *(.preinit_array*)
                0x0800a4d0                        PROVIDE (__preinit_array_end = .)
                0x0800a4d0                        . = ALIGN (0x4)

.init_array     0x0800a4d0        0x4
                0x0800a4d0                        . = ALIGN (0x4)
                0x0800a4d0                        PROVIDE (__init_array_start = .)
 *(SORT_BY_NAME(.init_array.*))
 *(.init_array*)
 .init_array    0x0800a4d0        0x4 D:/STM32CubeIDE_1.19.0/STM32CubeIDE/plugins/com.st.stm32cube.ide.mcu.externaltools.gnu-tools-for-stm32.13.3.rel1.win32_1.0.0.202411081344/tools/bin/../lib/gcc/arm-none-eabi/13.3.1/thumb/v7-m/nofp/crtbegin.o
                0x0800a4d4                        PROVIDE (__init_array_end = .)
                0x0800a4d4                        . = ALIGN (0x4)

.fini_array     0x0800a4d4        0x4
                0x0800a4d4                        . = ALIGN (0x4)
                [!provide]                        PROVIDE (__fini_array_start = .)
 *(SORT_BY_NAME(.fini_array.*))
 *(.fini_array*)
 .fini_array    0x0800a4d4        0x4 D:/STM32CubeIDE_1.19.0/STM32CubeIDE/plugins/com.st.stm32cube.ide.mcu.externaltools.gnu-tools-for-stm32.13.3.rel1.win32_1.0.0.202411081344/tools/bin/../lib/gcc/arm-none-eabi/13.3.1/thumb/v7-m/nofp/crtbegin.o
                [!provide]                        PROVIDE (__fini_array_end = .)
                0x0800a4d8                        . = ALIGN (0x4)
                0x0800a4d8                        _sidata = LOADADDR (.data)

.rel.dyn        0x0800a4d8        0x0
 .rel.iplt      0x0800a4d8        0x0 D:/STM32CubeIDE_1.19.0/STM32CubeIDE/plugins/com.st.stm32cube.ide.mcu.externaltools.gnu-tools-for-stm32.13.3.rel1.win32_1.0.0.202411081344/tools/bin/../lib/gcc/arm-none-eabi/13.3.1/thumb/v7-m/nofp/crtbegin.o

.data           0x20000000       0x60 load address 0x0800a4d8
                0x20000000                        . = ALIGN (0x4)
                0x20000000                        _sdata = .
 *(.data)
 *(.data*)
 .data.uartTxDone
                0x20000000        0x1 ./Core/Src/main.o
                0x20000000                uartTxDone
 *fill*         0x20000001        0x3 
 .data.SystemCoreClock
                0x20000004        0x4 ./Core/Src/system_stm32f1xx.o
                0x20000004                SystemCoreClock
 .data.uwTickPrio
                0x20000008        0x4 ./Drivers/STM32F1xx_HAL_Driver/Src/stm32f1xx_hal.o
                0x20000008                uwTickPrio
 .data.uwTickFreq
                0x2000000c        0x1 ./Drivers/STM32F1xx_HAL_Driver/Src/stm32f1xx_hal.o
                0x2000000c                uwTickFreq
 *fill*         0x2000000d        0x3 
 .data._impure_ptr
                0x20000010        0x4 D:/STM32CubeIDE_1.19.0/STM32CubeIDE/plugins/com.st.stm32cube.ide.mcu.externaltools.gnu-tools-for-stm32.13.3.rel1.win32_1.0.0.202411081344/tools/bin/../lib/gcc/arm-none-eabi/13.3.1/../../../../arm-none-eabi/lib/thumb/v7-m/nofp\libc_nano.a(libc_a-impure.o)
                0x20000010                _impure_ptr
 .data._impure_data
                0x20000014       0x4c D:/STM32CubeIDE_1.19.0/STM32CubeIDE/plugins/com.st.stm32cube.ide.mcu.externaltools.gnu-tools-for-stm32.13.3.rel1.win32_1.0.0.202411081344/tools/bin/../lib/gcc/arm-none-eabi/13.3.1/../../../../arm-none-eabi/lib/thumb/v7-m/nofp\libc_nano.a(libc_a-impure.o)
                0x20000014                _impure_data
 *(.RamFunc)
 *(.RamFunc*)
                0x20000060                        . = ALIGN (0x4)
                0x20000060                        _edata = .

.igot.plt       0x20000060        0x0 load address 0x0800a538
 .igot.plt      0x20000060        0x0 D:/STM32CubeIDE_1.19.0/STM32CubeIDE/plugins/com.st.stm32cube.ide.mcu.externaltools.gnu-tools-for-stm32.13.3.rel1.win32_1.0.0.202411081344/tools/bin/../lib/gcc/arm-none-eabi/13.3.1/thumb/v7-m/nofp/crtbegin.o
                0x20000060                        . = ALIGN (0x4)

.bss            0x20000060     0x3068 load address 0x0800a538
                0x20000060                        _sbss = .
                0x20000060                        __bss_start__ = _sbss
 *(.bss)
 .bss           0x20000060       0x1c D:/STM32CubeIDE_1.19.0/STM32CubeIDE/plugins/com.st.stm32cube.ide.mcu.externaltools.gnu-tools-for-stm32.13.3.rel1.win32_1.0.0.202411081344/tools/bin/../lib/gcc/arm-none-eabi/13.3.1/thumb/v7-m/nofp/crtbegin.o
 *(.bss*)
 .bss.tca9548aLastHalStatus
                0x2000007c        0x1 ./Core/Src/i2c.o
 *fill*         0x2000007d        0x3 
 .bss.tca9548aLastErrorCode
                0x20000080        0x4 ./Core/Src/i2c.o
 .bss.mlx90640LastHalStatus
                0x20000084        0x1 ./Core/Src/i2c.o
 *fill*         0x20000085        0x3 
 .bss.mlx90640LastErrorCode
                0x20000088        0x4 ./Core/Src/i2c.o
 .bss.i2c1StartupRecoveryDone
                0x2000008c        0x1 ./Core/Src/i2c.o
 .bss.tca9548aConsecutiveBusyCount
                0x2000008d        0x1 ./Core/Src/i2c.o
 *fill*         0x2000008e        0x2 
 .bss.hi2c1     0x20000090       0x54 ./Core/Src/i2c.o
                0x20000090                hi2c1
 .bss.mlx90640Runtime
                0x200000e4     0x2b80 ./Core/Src/main.o
 .bss.i         0x20002c64        0x2 ./Core/Src/main.o
                0x20002c64                i
 .bss.row       0x20002c66        0x2 ./Core/Src/main.o
                0x20002c66                row
 .bss.col       0x20002c68        0x2 ./Core/Src/main.o
                0x20002c68                col
 *fill*         0x20002c6a        0x2 
 .bss.ta        0x20002c6c        0x4 ./Core/Src/main.o
                0x20002c6c                ta
 .bss.tr        0x20002c70        0x4 ./Core/Src/main.o
                0x20002c70                tr
 .bss.status    0x20002c74        0x4 ./Core/Src/main.o
                0x20002c74                status
 .bss.uartLineBuffer
                0x20002c78      0x200 ./Core/Src/main.o
 .bss.mlx90640SensorReady
                0x20002e78        0x4 ./Core/Src/main.o
 .bss.USART_RX_BUF
                0x20002e7c       0x80 ./Core/Src/usart.o
                0x20002e7c                USART_RX_BUF
 .bss.USART_RX_STA
                0x20002efc        0x2 ./Core/Src/usart.o
                0x20002efc                USART_RX_STA
 .bss.uart1_rx_byte
                0x20002efe        0x1 ./Core/Src/usart.o
 *fill*         0x20002eff        0x1 
 .bss.huart1    0x20002f00       0x48 ./Core/Src/usart.o
                0x20002f00                huart1
 .bss.hdma_usart1_tx
                0x20002f48       0x44 ./Core/Src/usart.o
                0x20002f48                hdma_usart1_tx
 .bss.uwTick    0x20002f8c        0x4 ./Drivers/STM32F1xx_HAL_Driver/Src/stm32f1xx_hal.o
                0x20002f8c                uwTick
 .bss.__sf      0x20002f90      0x138 D:/STM32CubeIDE_1.19.0/STM32CubeIDE/plugins/com.st.stm32cube.ide.mcu.externaltools.gnu-tools-for-stm32.13.3.rel1.win32_1.0.0.202411081344/tools/bin/../lib/gcc/arm-none-eabi/13.3.1/../../../../arm-none-eabi/lib/thumb/v7-m/nofp\libc_nano.a(libc_a-findfp.o)
                0x20002f90                __sf
 *(COMMON)
                0x200030c8                        . = ALIGN (0x4)
                0x200030c8                        _ebss = .
                0x200030c8                        __bss_end__ = _ebss

._user_heap_stack
                0x200030c8      0x600 load address 0x0800a538
                0x200030c8                        . = ALIGN (0x8)
                [!provide]                        PROVIDE (end = .)
                0x200030c8                        PROVIDE (_end = .)
                0x200032c8                        . = (. + _Min_Heap_Size)
 *fill*         0x200030c8      0x200 
                0x200036c8                        . = (. + _Min_Stack_Size)
 *fill*         0x200032c8      0x400 
                0x200036c8                        . = ALIGN (0x8)

/DISCARD/
 libc.a(*)
 libm.a(*)
 libgcc.a(*)

.ARM.attributes
                0x00000000       0x29
 *(.ARM.attributes)
 .ARM.attributes
                0x00000000       0x1d D:/STM32CubeIDE_1.19.0/STM32CubeIDE/plugins/com.st.stm32cube.ide.mcu.externaltools.gnu-tools-for-stm32.13.3.rel1.win32_1.0.0.202411081344/tools/bin/../lib/gcc/arm-none-eabi/13.3.1/thumb/v7-m/nofp/crti.o
 .ARM.attributes
                0x0000001d       0x2d D:/STM32CubeIDE_1.19.0/STM32CubeIDE/plugins/com.st.stm32cube.ide.mcu.externaltools.gnu-tools-for-stm32.13.3.rel1.win32_1.0.0.202411081344/tools/bin/../lib/gcc/arm-none-eabi/13.3.1/thumb/v7-m/nofp/crtbegin.o
 .ARM.attributes
                0x0000004a       0x2d ./Core/Src/MLX90640_API.o
 .ARM.attributes
                0x00000077       0x2d ./Core/Src/dma.o
 .ARM.attributes
                0x000000a4       0x2d ./Core/Src/gpio.o
 .ARM.attributes
                0x000000d1       0x2d ./Core/Src/i2c.o
 .ARM.attributes
                0x000000fe       0x2d ./Core/Src/main.o
 .ARM.attributes
                0x0000012b       0x2d ./Core/Src/stm32f1xx_hal_msp.o
 .ARM.attributes
                0x00000158       0x2d ./Core/Src/stm32f1xx_it.o
 .ARM.attributes
                0x00000185       0x2d ./Core/Src/system_stm32f1xx.o
 .ARM.attributes
                0x000001b2       0x2d ./Core/Src/usart.o
 .ARM.attributes
                0x000001df       0x21 ./Core/Startup/startup_stm32f103c8tx.o
 .ARM.attributes
                0x00000200       0x2d ./Drivers/STM32F1xx_HAL_Driver/Src/stm32f1xx_hal.o
 .ARM.attributes
                0x0000022d       0x2d ./Drivers/STM32F1xx_HAL_Driver/Src/stm32f1xx_hal_cortex.o
 .ARM.attributes
                0x0000025a       0x2d ./Drivers/STM32F1xx_HAL_Driver/Src/stm32f1xx_hal_dma.o
 .ARM.attributes
                0x00000287       0x2d ./Drivers/STM32F1xx_HAL_Driver/Src/stm32f1xx_hal_gpio.o
 .ARM.attributes
                0x000002b4       0x2d ./Drivers/STM32F1xx_HAL_Driver/Src/stm32f1xx_hal_i2c.o
 .ARM.attributes
                0x000002e1       0x2d ./Drivers/STM32F1xx_HAL_Driver/Src/stm32f1xx_hal_rcc.o
 .ARM.attributes
                0x0000030e       0x2d ./Drivers/STM32F1xx_HAL_Driver/Src/stm32f1xx_hal_uart.o
 .ARM.attributes
                0x0000033b       0x2d D:/STM32CubeIDE_1.19.0/STM32CubeIDE/plugins/com.st.stm32cube.ide.mcu.externaltools.gnu-tools-for-stm32.13.3.rel1.win32_1.0.0.202411081344/tools/bin/../lib/gcc/arm-none-eabi/13.3.1/../../../../arm-none-eabi/lib/thumb/v7-m/nofp\libc_nano.a(libc_a-findfp.o)
 .ARM.attributes
                0x00000368       0x2d D:/STM32CubeIDE_1.19.0/STM32CubeIDE/plugins/com.st.stm32cube.ide.mcu.externaltools.gnu-tools-for-stm32.13.3.rel1.win32_1.0.0.202411081344/tools/bin/../lib/gcc/arm-none-eabi/13.3.1/../../../../arm-none-eabi/lib/thumb/v7-m/nofp\libc_nano.a(libc_a-memset.o)
 .ARM.attributes
                0x00000395       0x2d D:/STM32CubeIDE_1.19.0/STM32CubeIDE/plugins/com.st.stm32cube.ide.mcu.externaltools.gnu-tools-for-stm32.13.3.rel1.win32_1.0.0.202411081344/tools/bin/../lib/gcc/arm-none-eabi/13.3.1/../../../../arm-none-eabi/lib/thumb/v7-m/nofp\libc_nano.a(libc_a-impure.o)
 .ARM.attributes
                0x000003c2       0x2d D:/STM32CubeIDE_1.19.0/STM32CubeIDE/plugins/com.st.stm32cube.ide.mcu.externaltools.gnu-tools-for-stm32.13.3.rel1.win32_1.0.0.202411081344/tools/bin/../lib/gcc/arm-none-eabi/13.3.1/../../../../arm-none-eabi/lib/thumb/v7-m/nofp\libc_nano.a(libc_a-errno.o)
 .ARM.attributes
                0x000003ef       0x2d D:/STM32CubeIDE_1.19.0/STM32CubeIDE/plugins/com.st.stm32cube.ide.mcu.externaltools.gnu-tools-for-stm32.13.3.rel1.win32_1.0.0.202411081344/tools/bin/../lib/gcc/arm-none-eabi/13.3.1/../../../../arm-none-eabi/lib/thumb/v7-m/nofp\libc_nano.a(libc_a-init.o)
 .ARM.attributes
                0x0000041c       0x17 D:/STM32CubeIDE_1.19.0/STM32CubeIDE/plugins/com.st.stm32cube.ide.mcu.externaltools.gnu-tools-for-stm32.13.3.rel1.win32_1.0.0.202411081344/tools/bin/../lib/gcc/arm-none-eabi/13.3.1/../../../../arm-none-eabi/lib/thumb/v7-m/nofp\libc_nano.a(libc_a-strlen.o)
 .ARM.attributes
                0x00000433       0x2d D:/STM32CubeIDE_1.19.0/STM32CubeIDE/plugins/com.st.stm32cube.ide.mcu.externaltools.gnu-tools-for-stm32.13.3.rel1.win32_1.0.0.202411081344/tools/bin/../lib/gcc/arm-none-eabi/13.3.1/../../../../arm-none-eabi/lib/thumb/v7-m/nofp\libm.a(libm_a-w_pow.o)
 .ARM.attributes
                0x00000460       0x2d D:/STM32CubeIDE_1.19.0/STM32CubeIDE/plugins/com.st.stm32cube.ide.mcu.externaltools.gnu-tools-for-stm32.13.3.rel1.win32_1.0.0.202411081344/tools/bin/../lib/gcc/arm-none-eabi/13.3.1/../../../../arm-none-eabi/lib/thumb/v7-m/nofp\libm.a(libm_a-w_sqrt.o)
 .ARM.attributes
                0x0000048d       0x2d D:/STM32CubeIDE_1.19.0/STM32CubeIDE/plugins/com.st.stm32cube.ide.mcu.externaltools.gnu-tools-for-stm32.13.3.rel1.win32_1.0.0.202411081344/tools/bin/../lib/gcc/arm-none-eabi/13.3.1/../../../../arm-none-eabi/lib/thumb/v7-m/nofp\libm.a(libm_a-s_finite.o)
 .ARM.attributes
                0x000004ba       0x2d D:/STM32CubeIDE_1.19.0/STM32CubeIDE/plugins/com.st.stm32cube.ide.mcu.externaltools.gnu-tools-for-stm32.13.3.rel1.win32_1.0.0.202411081344/tools/bin/../lib/gcc/arm-none-eabi/13.3.1/../../../../arm-none-eabi/lib/thumb/v7-m/nofp\libm.a(libm_a-e_sqrt.o)
 .ARM.attributes
                0x000004e7       0x2d D:/STM32CubeIDE_1.19.0/STM32CubeIDE/plugins/com.st.stm32cube.ide.mcu.externaltools.gnu-tools-for-stm32.13.3.rel1.win32_1.0.0.202411081344/tools/bin/../lib/gcc/arm-none-eabi/13.3.1/../../../../arm-none-eabi/lib/thumb/v7-m/nofp\libm.a(libm_a-e_pow.o)
 .ARM.attributes
                0x00000514       0x2d D:/STM32CubeIDE_1.19.0/STM32CubeIDE/plugins/com.st.stm32cube.ide.mcu.externaltools.gnu-tools-for-stm32.13.3.rel1.win32_1.0.0.202411081344/tools/bin/../lib/gcc/arm-none-eabi/13.3.1/../../../../arm-none-eabi/lib/thumb/v7-m/nofp\libm.a(libm_a-s_fabs.o)
 .ARM.attributes
                0x00000541       0x2d D:/STM32CubeIDE_1.19.0/STM32CubeIDE/plugins/com.st.stm32cube.ide.mcu.externaltools.gnu-tools-for-stm32.13.3.rel1.win32_1.0.0.202411081344/tools/bin/../lib/gcc/arm-none-eabi/13.3.1/../../../../arm-none-eabi/lib/thumb/v7-m/nofp\libm.a(libm_a-s_scalbn.o)
 .ARM.attributes
                0x0000056e       0x2d D:/STM32CubeIDE_1.19.0/STM32CubeIDE/plugins/com.st.stm32cube.ide.mcu.externaltools.gnu-tools-for-stm32.13.3.rel1.win32_1.0.0.202411081344/tools/bin/../lib/gcc/arm-none-eabi/13.3.1/../../../../arm-none-eabi/lib/thumb/v7-m/nofp\libm.a(libm_a-math_err.o)
 .ARM.attributes
                0x0000059b       0x1d D:/STM32CubeIDE_1.19.0/STM32CubeIDE/plugins/com.st.stm32cube.ide.mcu.externaltools.gnu-tools-for-stm32.13.3.rel1.win32_1.0.0.202411081344/tools/bin/../lib/gcc/arm-none-eabi/13.3.1/thumb/v7-m/nofp\libgcc.a(_arm_addsubdf3.o)
 .ARM.attributes
                0x000005b8       0x1d D:/STM32CubeIDE_1.19.0/STM32CubeIDE/plugins/com.st.stm32cube.ide.mcu.externaltools.gnu-tools-for-stm32.13.3.rel1.win32_1.0.0.202411081344/tools/bin/../lib/gcc/arm-none-eabi/13.3.1/thumb/v7-m/nofp\libgcc.a(_arm_muldivdf3.o)
 .ARM.attributes
                0x000005d5       0x1d D:/STM32CubeIDE_1.19.0/STM32CubeIDE/plugins/com.st.stm32cube.ide.mcu.externaltools.gnu-tools-for-stm32.13.3.rel1.win32_1.0.0.202411081344/tools/bin/../lib/gcc/arm-none-eabi/13.3.1/thumb/v7-m/nofp\libgcc.a(_arm_cmpdf2.o)
 .ARM.attributes
                0x000005f2       0x1d D:/STM32CubeIDE_1.19.0/STM32CubeIDE/plugins/com.st.stm32cube.ide.mcu.externaltools.gnu-tools-for-stm32.13.3.rel1.win32_1.0.0.202411081344/tools/bin/../lib/gcc/arm-none-eabi/13.3.1/thumb/v7-m/nofp\libgcc.a(_arm_unorddf2.o)
 .ARM.attributes
                0x0000060f       0x1d D:/STM32CubeIDE_1.19.0/STM32CubeIDE/plugins/com.st.stm32cube.ide.mcu.externaltools.gnu-tools-for-stm32.13.3.rel1.win32_1.0.0.202411081344/tools/bin/../lib/gcc/arm-none-eabi/13.3.1/thumb/v7-m/nofp\libgcc.a(_arm_fixdfsi.o)
 .ARM.attributes
                0x0000062c       0x1d D:/STM32CubeIDE_1.19.0/STM32CubeIDE/plugins/com.st.stm32cube.ide.mcu.externaltools.gnu-tools-for-stm32.13.3.rel1.win32_1.0.0.202411081344/tools/bin/../lib/gcc/arm-none-eabi/13.3.1/thumb/v7-m/nofp\libgcc.a(_arm_fixunsdfsi.o)
 .ARM.attributes
                0x00000649       0x1d D:/STM32CubeIDE_1.19.0/STM32CubeIDE/plugins/com.st.stm32cube.ide.mcu.externaltools.gnu-tools-for-stm32.13.3.rel1.win32_1.0.0.202411081344/tools/bin/../lib/gcc/arm-none-eabi/13.3.1/thumb/v7-m/nofp\libgcc.a(_arm_truncdfsf2.o)
 .ARM.attributes
                0x00000666       0x1d D:/STM32CubeIDE_1.19.0/STM32CubeIDE/plugins/com.st.stm32cube.ide.mcu.externaltools.gnu-tools-for-stm32.13.3.rel1.win32_1.0.0.202411081344/tools/bin/../lib/gcc/arm-none-eabi/13.3.1/thumb/v7-m/nofp\libgcc.a(_arm_addsubsf3.o)
 .ARM.attributes
                0x00000683       0x1d D:/STM32CubeIDE_1.19.0/STM32CubeIDE/plugins/com.st.stm32cube.ide.mcu.externaltools.gnu-tools-for-stm32.13.3.rel1.win32_1.0.0.202411081344/tools/bin/../lib/gcc/arm-none-eabi/13.3.1/thumb/v7-m/nofp\libgcc.a(_arm_muldivsf3.o)
 .ARM.attributes
                0x000006a0       0x1d D:/STM32CubeIDE_1.19.0/STM32CubeIDE/plugins/com.st.stm32cube.ide.mcu.externaltools.gnu-tools-for-stm32.13.3.rel1.win32_1.0.0.202411081344/tools/bin/../lib/gcc/arm-none-eabi/13.3.1/thumb/v7-m/nofp\libgcc.a(_arm_cmpsf2.o)
 .ARM.attributes
                0x000006bd       0x1d D:/STM32CubeIDE_1.19.0/STM32CubeIDE/plugins/com.st.stm32cube.ide.mcu.externaltools.gnu-tools-for-stm32.13.3.rel1.win32_1.0.0.202411081344/tools/bin/../lib/gcc/arm-none-eabi/13.3.1/thumb/v7-m/nofp\libgcc.a(_arm_fixsfsi.o)
 .ARM.attributes
                0x000006da       0x1d D:/STM32CubeIDE_1.19.0/STM32CubeIDE/plugins/com.st.stm32cube.ide.mcu.externaltools.gnu-tools-for-stm32.13.3.rel1.win32_1.0.0.202411081344/tools/bin/../lib/gcc/arm-none-eabi/13.3.1/thumb/v7-m/nofp/crtn.o
OUTPUT(MLX90640_test.elf elf32-littlearm)
LOAD linker stubs
LOAD D:/STM32CubeIDE_1.19.0/STM32CubeIDE/plugins/com.st.stm32cube.ide.mcu.externaltools.gnu-tools-for-stm32.13.3.rel1.win32_1.0.0.202411081344/tools/bin/../lib/gcc/arm-none-eabi/13.3.1/../../../../arm-none-eabi/lib/thumb/v7-m/nofp\libc.a
LOAD D:/STM32CubeIDE_1.19.0/STM32CubeIDE/plugins/com.st.stm32cube.ide.mcu.externaltools.gnu-tools-for-stm32.13.3.rel1.win32_1.0.0.202411081344/tools/bin/../lib/gcc/arm-none-eabi/13.3.1/../../../../arm-none-eabi/lib/thumb/v7-m/nofp\libm.a
LOAD D:/STM32CubeIDE_1.19.0/STM32CubeIDE/plugins/com.st.stm32cube.ide.mcu.externaltools.gnu-tools-for-stm32.13.3.rel1.win32_1.0.0.202411081344/tools/bin/../lib/gcc/arm-none-eabi/13.3.1/thumb/v7-m/nofp\libgcc.a

.debug_info     0x00000000     0xd1bf
 .debug_info    0x00000000     0x17a5 ./Core/Src/MLX90640_API.o
 .debug_info    0x000017a5      0x2cf ./Core/Src/dma.o
 .debug_info    0x00001a74      0x2d3 ./Core/Src/gpio.o
 .debug_info    0x00001d47      0xd59 ./Core/Src/i2c.o
 .debug_info    0x00002aa0     0x11bf ./Core/Src/main.o
 .debug_info    0x00003c5f      0x1f1 ./Core/Src/stm32f1xx_hal_msp.o
 .debug_info    0x00003e50      0x616 ./Core/Src/stm32f1xx_it.o
 .debug_info    0x00004466      0x222 ./Core/Src/system_stm32f1xx.o
 .debug_info    0x00004688     0x1119 ./Core/Src/usart.o
 .debug_info    0x000057a1       0x30 ./Core/Startup/startup_stm32f103c8tx.o
 .debug_info    0x000057d1      0x704 ./Drivers/STM32F1xx_HAL_Driver/Src/stm32f1xx_hal.o
 .debug_info    0x00005ed5      0xa87 ./Drivers/STM32F1xx_HAL_Driver/Src/stm32f1xx_hal_cortex.o
 .debug_info    0x0000695c      0x6d2 ./Drivers/STM32F1xx_HAL_Driver/Src/stm32f1xx_hal_dma.o
 .debug_info    0x0000702e      0x5ab ./Drivers/STM32F1xx_HAL_Driver/Src/stm32f1xx_hal_gpio.o
 .debug_info    0x000075d9     0x2524 ./Drivers/STM32F1xx_HAL_Driver/Src/stm32f1xx_hal_i2c.o
 .debug_info    0x00009afd      0x7d5 ./Drivers/STM32F1xx_HAL_Driver/Src/stm32f1xx_hal_rcc.o
 .debug_info    0x0000a2d2     0x2eed ./Drivers/STM32F1xx_HAL_Driver/Src/stm32f1xx_hal_uart.o

.debug_abbrev   0x00000000     0x2335
 .debug_abbrev  0x00000000      0x2bb ./Core/Src/MLX90640_API.o
 .debug_abbrev  0x000002bb       0xfc ./Core/Src/dma.o
 .debug_abbrev  0x000003b7      0x13f ./Core/Src/gpio.o
 .debug_abbrev  0x000004f6      0x33c ./Core/Src/i2c.o
 .debug_abbrev  0x00000832      0x396 ./Core/Src/main.o
 .debug_abbrev  0x00000bc8       0xdb ./Core/Src/stm32f1xx_hal_msp.o
 .debug_abbrev  0x00000ca3      0x178 ./Core/Src/stm32f1xx_it.o
 .debug_abbrev  0x00000e1b      0x13f ./Core/Src/system_stm32f1xx.o
 .debug_abbrev  0x00000f5a      0x29b ./Core/Src/usart.o
 .debug_abbrev  0x000011f5       0x24 ./Core/Startup/startup_stm32f103c8tx.o
 .debug_abbrev  0x00001219      0x201 ./Drivers/STM32F1xx_HAL_Driver/Src/stm32f1xx_hal.o
 .debug_abbrev  0x0000141a      0x2f8 ./Drivers/STM32F1xx_HAL_Driver/Src/stm32f1xx_hal_cortex.o
 .debug_abbrev  0x00001712      0x20b ./Drivers/STM32F1xx_HAL_Driver/Src/stm32f1xx_hal_dma.o
 .debug_abbrev  0x0000191d      0x1ca ./Drivers/STM32F1xx_HAL_Driver/Src/stm32f1xx_hal_gpio.o
 .debug_abbrev  0x00001ae7      0x2a3 ./Drivers/STM32F1xx_HAL_Driver/Src/stm32f1xx_hal_i2c.o
 .debug_abbrev  0x00001d8a      0x2b3 ./Drivers/STM32F1xx_HAL_Driver/Src/stm32f1xx_hal_rcc.o
 .debug_abbrev  0x0000203d      0x2f8 ./Drivers/STM32F1xx_HAL_Driver/Src/stm32f1xx_hal_uart.o

.debug_aranges  0x00000000      0xbd0
 .debug_aranges
                0x00000000      0x140 ./Core/Src/MLX90640_API.o
 .debug_aranges
                0x00000140       0x20 ./Core/Src/dma.o
 .debug_aranges
                0x00000160       0x20 ./Core/Src/gpio.o
 .debug_aranges
                0x00000180       0xb8 ./Core/Src/i2c.o
 .debug_aranges
                0x00000238       0x80 ./Core/Src/main.o
 .debug_aranges
                0x000002b8       0x20 ./Core/Src/stm32f1xx_hal_msp.o
 .debug_aranges
                0x000002d8       0x70 ./Core/Src/stm32f1xx_it.o
 .debug_aranges
                0x00000348       0x28 ./Core/Src/system_stm32f1xx.o
 .debug_aranges
                0x00000370       0x40 ./Core/Src/usart.o
 .debug_aranges
                0x000003b0       0x28 ./Core/Startup/startup_stm32f103c8tx.o
 .debug_aranges
                0x000003d8       0xe0 ./Drivers/STM32F1xx_HAL_Driver/Src/stm32f1xx_hal.o
 .debug_aranges
                0x000004b8      0x100 ./Drivers/STM32F1xx_HAL_Driver/Src/stm32f1xx_hal_cortex.o
 .debug_aranges
                0x000005b8       0x80 ./Drivers/STM32F1xx_HAL_Driver/Src/stm32f1xx_hal_dma.o
 .debug_aranges
                0x00000638       0x58 ./Drivers/STM32F1xx_HAL_Driver/Src/stm32f1xx_hal_gpio.o
 .debug_aranges
                0x00000690      0x2a8 ./Drivers/STM32F1xx_HAL_Driver/Src/stm32f1xx_hal_i2c.o
 .debug_aranges
                0x00000938       0x90 ./Drivers/STM32F1xx_HAL_Driver/Src/stm32f1xx_hal_rcc.o
 .debug_aranges
                0x000009c8      0x208 ./Drivers/STM32F1xx_HAL_Driver/Src/stm32f1xx_hal_uart.o

.debug_rnglists
                0x00000000      0x936
 .debug_rnglists
                0x00000000       0xfe ./Core/Src/MLX90640_API.o
 .debug_rnglists
                0x000000fe       0x13 ./Core/Src/dma.o
 .debug_rnglists
                0x00000111       0x14 ./Core/Src/gpio.o
 .debug_rnglists
                0x00000125       0x88 ./Core/Src/i2c.o
 .debug_rnglists
                0x000001ad       0x62 ./Core/Src/main.o
 .debug_rnglists
                0x0000020f       0x13 ./Core/Src/stm32f1xx_hal_msp.o
 .debug_rnglists
                0x00000222       0x4f ./Core/Src/stm32f1xx_it.o
 .debug_rnglists
                0x00000271       0x1a ./Core/Src/system_stm32f1xx.o
 .debug_rnglists
                0x0000028b       0x2d ./Core/Src/usart.o
 .debug_rnglists
                0x000002b8       0x19 ./Core/Startup/startup_stm32f103c8tx.o
 .debug_rnglists
                0x000002d1       0xa3 ./Drivers/STM32F1xx_HAL_Driver/Src/stm32f1xx_hal.o
 .debug_rnglists
                0x00000374       0xbb ./Drivers/STM32F1xx_HAL_Driver/Src/stm32f1xx_hal_cortex.o
 .debug_rnglists
                0x0000042f       0x64 ./Drivers/STM32F1xx_HAL_Driver/Src/stm32f1xx_hal_dma.o
 .debug_rnglists
                0x00000493       0x3f ./Drivers/STM32F1xx_HAL_Driver/Src/stm32f1xx_hal_gpio.o
 .debug_rnglists
                0x000004d2      0x23c ./Drivers/STM32F1xx_HAL_Driver/Src/stm32f1xx_hal_i2c.o
 .debug_rnglists
                0x0000070e       0x6c ./Drivers/STM32F1xx_HAL_Driver/Src/stm32f1xx_hal_rcc.o
 .debug_rnglists
                0x0000077a      0x1bc ./Drivers/STM32F1xx_HAL_Driver/Src/stm32f1xx_hal_uart.o

.debug_macro    0x00000000    0x17b51
 .debug_macro   0x00000000      0x12a ./Core/Src/MLX90640_API.o
 .debug_macro   0x0000012a      0xacc ./Core/Src/MLX90640_API.o
 .debug_macro   0x00000bf6       0x22 ./Core/Src/MLX90640_API.o
 .debug_macro   0x00000c18       0x8e ./Core/Src/MLX90640_API.o
 .debug_macro   0x00000ca6       0x51 ./Core/Src/MLX90640_API.o
 .debug_macro   0x00000cf7      0x103 ./Core/Src/MLX90640_API.o
 .debug_macro   0x00000dfa       0x6a ./Core/Src/MLX90640_API.o
 .debug_macro   0x00000e64      0x1df ./Core/Src/MLX90640_API.o
 .debug_macro   0x00001043      0x148 ./Core/Src/MLX90640_API.o
 .debug_macro   0x0000118b       0x61 ./Core/Src/MLX90640_API.o
 .debug_macro   0x000011ec       0x24 ./Core/Src/MLX90640_API.o
 .debug_macro   0x00001210       0x43 ./Core/Src/MLX90640_API.o
 .debug_macro   0x00001253       0x34 ./Core/Src/MLX90640_API.o
 .debug_macro   0x00001287      0x190 ./Core/Src/MLX90640_API.o
 .debug_macro   0x00001417      0x370 ./Core/Src/MLX90640_API.o
 .debug_macro   0x00001787       0x16 ./Core/Src/MLX90640_API.o
 .debug_macro   0x0000179d       0x4a ./Core/Src/MLX90640_API.o
 .debug_macro   0x000017e7       0x34 ./Core/Src/MLX90640_API.o
 .debug_macro   0x0000181b       0x10 ./Core/Src/MLX90640_API.o
 .debug_macro   0x0000182b       0x58 ./Core/Src/MLX90640_API.o
 .debug_macro   0x00001883       0x8e ./Core/Src/MLX90640_API.o
 .debug_macro   0x00001911       0x1c ./Core/Src/MLX90640_API.o
 .debug_macro   0x0000192d      0x185 ./Core/Src/MLX90640_API.o
 .debug_macro   0x00001ab2      0x19b ./Core/Src/MLX90640_API.o
 .debug_macro   0x00001c4d      0x1b1 ./Core/Src/dma.o
 .debug_macro   0x00001dfe      0x221 ./Core/Src/dma.o
 .debug_macro   0x0000201f       0x2e ./Core/Src/dma.o
 .debug_macro   0x0000204d       0x22 ./Core/Src/dma.o
 .debug_macro   0x0000206f       0x1c ./Core/Src/dma.o
 .debug_macro   0x0000208b       0x22 ./Core/Src/dma.o
 .debug_macro   0x000020ad       0xbd ./Core/Src/dma.o
 .debug_macro   0x0000216a      0xd23 ./Core/Src/dma.o
 .debug_macro   0x00002e8d     0xe09e ./Core/Src/dma.o
 .debug_macro   0x00010f2b       0x6d ./Core/Src/dma.o
 .debug_macro   0x00010f98     0x34a2 ./Core/Src/dma.o
 .debug_macro   0x0001443a       0x5c ./Core/Src/dma.o
 .debug_macro   0x00014496      0x5bc ./Core/Src/dma.o
 .debug_macro   0x00014a52      0x289 ./Core/Src/dma.o
 .debug_macro   0x00014cdb      0x1cb ./Core/Src/dma.o
 .debug_macro   0x00014ea6      0x114 ./Core/Src/dma.o
 .debug_macro   0x00014fba      0x1b2 ./Core/Src/dma.o
 .debug_macro   0x0001516c       0x27 ./Core/Src/dma.o
 .debug_macro   0x00015193      0x136 ./Core/Src/dma.o
 .debug_macro   0x000152c9      0x1bc ./Core/Src/dma.o
 .debug_macro   0x00015485       0x34 ./Core/Src/dma.o
 .debug_macro   0x000154b9       0x3c ./Core/Src/dma.o
 .debug_macro   0x000154f5       0x57 ./Core/Src/dma.o
 .debug_macro   0x0001554c       0x87 ./Core/Src/dma.o
 .debug_macro   0x000155d3      0x240 ./Core/Src/dma.o
 .debug_macro   0x00015813      0x287 ./Core/Src/dma.o
 .debug_macro   0x00015a9a      0x140 ./Core/Src/dma.o
 .debug_macro   0x00015bda      0x28e ./Core/Src/dma.o
 .debug_macro   0x00015e68       0x83 ./Core/Src/dma.o
 .debug_macro   0x00015eeb       0x34 ./Core/Src/dma.o
 .debug_macro   0x00015f1f      0x1b1 ./Core/Src/gpio.o
 .debug_macro   0x000160d0      0x1c9 ./Core/Src/i2c.o
 .debug_macro   0x00016299       0x10 ./Core/Src/i2c.o
 .debug_macro   0x000162a9      0x307 ./Core/Src/main.o
 .debug_macro   0x000165b0       0x16 ./Core/Src/main.o
 .debug_macro   0x000165c6       0x3c ./Core/Src/main.o
 .debug_macro   0x00016602       0x10 ./Core/Src/main.o
 .debug_macro   0x00016612       0x16 ./Core/Src/main.o
 .debug_macro   0x00016628       0x16 ./Core/Src/main.o
 .debug_macro   0x0001663e      0x146 ./Core/Src/main.o
 .debug_macro   0x00016784       0x16 ./Core/Src/main.o
 .debug_macro   0x0001679a       0x20 ./Core/Src/main.o
 .debug_macro   0x000167ba      0x1a7 ./Core/Src/stm32f1xx_hal_msp.o
 .debug_macro   0x00016961      0x1b1 ./Core/Src/stm32f1xx_it.o
 .debug_macro   0x00016b12      0x198 ./Core/Src/system_stm32f1xx.o
 .debug_macro   0x00016caa      0x28f ./Core/Src/usart.o
 .debug_macro   0x00016f39      0x1bc ./Drivers/STM32F1xx_HAL_Driver/Src/stm32f1xx_hal.o
 .debug_macro   0x000170f5      0x198 ./Drivers/STM32F1xx_HAL_Driver/Src/stm32f1xx_hal_cortex.o
 .debug_macro   0x0001728d      0x198 ./Drivers/STM32F1xx_HAL_Driver/Src/stm32f1xx_hal_dma.o
 .debug_macro   0x00017425      0x203 ./Drivers/STM32F1xx_HAL_Driver/Src/stm32f1xx_hal_gpio.o
 .debug_macro   0x00017628      0x1e6 ./Drivers/STM32F1xx_HAL_Driver/Src/stm32f1xx_hal_i2c.o
 .debug_macro   0x0001780e      0x1aa ./Drivers/STM32F1xx_HAL_Driver/Src/stm32f1xx_hal_rcc.o
 .debug_macro   0x000179b8      0x199 ./Drivers/STM32F1xx_HAL_Driver/Src/stm32f1xx_hal_uart.o

.debug_line     0x00000000     0xfd21
 .debug_line    0x00000000     0x1cb5 ./Core/Src/MLX90640_API.o
 .debug_line    0x00001cb5      0x6d2 ./Core/Src/dma.o
 .debug_line    0x00002387      0x6e6 ./Core/Src/gpio.o
 .debug_line    0x00002a6d      0xab9 ./Core/Src/i2c.o
 .debug_line    0x00003526      0xda0 ./Core/Src/main.o
 .debug_line    0x000042c6      0x6d7 ./Core/Src/stm32f1xx_hal_msp.o
 .debug_line    0x0000499d      0x7b5 ./Core/Src/stm32f1xx_it.o
 .debug_line    0x00005152      0x755 ./Core/Src/system_stm32f1xx.o
 .debug_line    0x000058a7      0x955 ./Core/Src/usart.o
 .debug_line    0x000061fc       0x78 ./Core/Startup/startup_stm32f103c8tx.o
 .debug_line    0x00006274      0x986 ./Drivers/STM32F1xx_HAL_Driver/Src/stm32f1xx_hal.o
 .debug_line    0x00006bfa      0xb50 ./Drivers/STM32F1xx_HAL_Driver/Src/stm32f1xx_hal_cortex.o
 .debug_line    0x0000774a      0xd90 ./Drivers/STM32F1xx_HAL_Driver/Src/stm32f1xx_hal_dma.o
 .debug_line    0x000084da      0x9e3 ./Drivers/STM32F1xx_HAL_Driver/Src/stm32f1xx_hal_gpio.o
 .debug_line    0x00008ebd     0x3b83 ./Drivers/STM32F1xx_HAL_Driver/Src/stm32f1xx_hal_i2c.o
 .debug_line    0x0000ca40      0xe3f ./Drivers/STM32F1xx_HAL_Driver/Src/stm32f1xx_hal_rcc.o
 .debug_line    0x0000d87f     0x24a2 ./Drivers/STM32F1xx_HAL_Driver/Src/stm32f1xx_hal_uart.o

.debug_str      0x00000000    0x86400
 .debug_str     0x00000000    0x86400 ./Core/Src/MLX90640_API.o
                               0x8963 (size before relaxing)
 .debug_str     0x00086400    0x7e693 ./Core/Src/dma.o
 .debug_str     0x00086400    0x7e435 ./Core/Src/gpio.o
 .debug_str     0x00086400    0x7f4af ./Core/Src/i2c.o
 .debug_str     0x00086400    0x82ed0 ./Core/Src/main.o
 .debug_str     0x00086400    0x7e3bd ./Core/Src/stm32f1xx_hal_msp.o
 .debug_str     0x00086400    0x7e848 ./Core/Src/stm32f1xx_it.o
 .debug_str     0x00086400    0x7e32e ./Core/Src/system_stm32f1xx.o
 .debug_str     0x00086400    0x826da ./Core/Src/usart.o
 .debug_str     0x00086400       0x6c ./Core/Startup/startup_stm32f103c8tx.o
 .debug_str     0x00086400    0x7ea61 ./Drivers/STM32F1xx_HAL_Driver/Src/stm32f1xx_hal.o
 .debug_str     0x00086400    0x7e9ad ./Drivers/STM32F1xx_HAL_Driver/Src/stm32f1xx_hal_cortex.o
 .debug_str     0x00086400    0x7e6d7 ./Drivers/STM32F1xx_HAL_Driver/Src/stm32f1xx_hal_dma.o
 .debug_str     0x00086400    0x7e6b4 ./Drivers/STM32F1xx_HAL_Driver/Src/stm32f1xx_hal_gpio.o
 .debug_str     0x00086400    0x7f3f5 ./Drivers/STM32F1xx_HAL_Driver/Src/stm32f1xx_hal_i2c.o
 .debug_str     0x00086400    0x7e75d ./Drivers/STM32F1xx_HAL_Driver/Src/stm32f1xx_hal_rcc.o
 .debug_str     0x00086400    0x7edce ./Drivers/STM32F1xx_HAL_Driver/Src/stm32f1xx_hal_uart.o

.comment        0x00000000       0x43
 .comment       0x00000000       0x43 ./Core/Src/MLX90640_API.o
                                 0x44 (size before relaxing)
 .comment       0x00000043       0x44 ./Core/Src/dma.o
 .comment       0x00000043       0x44 ./Core/Src/gpio.o
 .comment       0x00000043       0x44 ./Core/Src/i2c.o
 .comment       0x00000043       0x44 ./Core/Src/main.o
 .comment       0x00000043       0x44 ./Core/Src/stm32f1xx_hal_msp.o
 .comment       0x00000043       0x44 ./Core/Src/stm32f1xx_it.o
 .comment       0x00000043       0x44 ./Core/Src/system_stm32f1xx.o
 .comment       0x00000043       0x44 ./Core/Src/usart.o
 .comment       0x00000043       0x44 ./Drivers/STM32F1xx_HAL_Driver/Src/stm32f1xx_hal.o
 .comment       0x00000043       0x44 ./Drivers/STM32F1xx_HAL_Driver/Src/stm32f1xx_hal_cortex.o
 .comment       0x00000043       0x44 ./Drivers/STM32F1xx_HAL_Driver/Src/stm32f1xx_hal_dma.o
 .comment       0x00000043       0x44 ./Drivers/STM32F1xx_HAL_Driver/Src/stm32f1xx_hal_gpio.o
 .comment       0x00000043       0x44 ./Drivers/STM32F1xx_HAL_Driver/Src/stm32f1xx_hal_i2c.o
 .comment       0x00000043       0x44 ./Drivers/STM32F1xx_HAL_Driver/Src/stm32f1xx_hal_rcc.o
 .comment       0x00000043       0x44 ./Drivers/STM32F1xx_HAL_Driver/Src/stm32f1xx_hal_uart.o

.debug_frame    0x00000000     0x37f0
 .debug_frame   0x00000000      0x5c0 ./Core/Src/MLX90640_API.o
 .debug_frame   0x000005c0       0x34 ./Core/Src/dma.o
 .debug_frame   0x000005f4       0x34 ./Core/Src/gpio.o
 .debug_frame   0x00000628      0x2c8 ./Core/Src/i2c.o
 .debug_frame   0x000008f0      0x1d8 ./Core/Src/main.o
 .debug_frame   0x00000ac8       0x38 ./Core/Src/stm32f1xx_hal_msp.o
 .debug_frame   0x00000b00      0x13c ./Core/Src/stm32f1xx_it.o
 .debug_frame   0x00000c3c       0x58 ./Core/Src/system_stm32f1xx.o
 .debug_frame   0x00000c94       0xc0 ./Core/Src/usart.o
 .debug_frame   0x00000d54      0x334 ./Drivers/STM32F1xx_HAL_Driver/Src/stm32f1xx_hal.o
 .debug_frame   0x00001088      0x428 ./Drivers/STM32F1xx_HAL_Driver/Src/stm32f1xx_hal_cortex.o
 .debug_frame   0x000014b0      0x208 ./Drivers/STM32F1xx_HAL_Driver/Src/stm32f1xx_hal_dma.o
 .debug_frame   0x000016b8      0x14c ./Drivers/STM32F1xx_HAL_Driver/Src/stm32f1xx_hal_gpio.o
 .debug_frame   0x00001804      0xc84 ./Drivers/STM32F1xx_HAL_Driver/Src/stm32f1xx_hal_i2c.o
 .debug_frame   0x00002488      0x218 ./Drivers/STM32F1xx_HAL_Driver/Src/stm32f1xx_hal_rcc.o
 .debug_frame   0x000026a0      0x944 ./Drivers/STM32F1xx_HAL_Driver/Src/stm32f1xx_hal_uart.o
 .debug_frame   0x00002fe4      0x144 D:/STM32CubeIDE_1.19.0/STM32CubeIDE/plugins/com.st.stm32cube.ide.mcu.externaltools.gnu-tools-for-stm32.13.3.rel1.win32_1.0.0.202411081344/tools/bin/../lib/gcc/arm-none-eabi/13.3.1/../../../../arm-none-eabi/lib/thumb/v7-m/nofp\libc_nano.a(libc_a-findfp.o)
 .debug_frame   0x00003128       0x20 D:/STM32CubeIDE_1.19.0/STM32CubeIDE/plugins/com.st.stm32cube.ide.mcu.externaltools.gnu-tools-for-stm32.13.3.rel1.win32_1.0.0.202411081344/tools/bin/../lib/gcc/arm-none-eabi/13.3.1/../../../../arm-none-eabi/lib/thumb/v7-m/nofp\libc_nano.a(libc_a-memset.o)
 .debug_frame   0x00003148       0x20 D:/STM32CubeIDE_1.19.0/STM32CubeIDE/plugins/com.st.stm32cube.ide.mcu.externaltools.gnu-tools-for-stm32.13.3.rel1.win32_1.0.0.202411081344/tools/bin/../lib/gcc/arm-none-eabi/13.3.1/../../../../arm-none-eabi/lib/thumb/v7-m/nofp\libc_nano.a(libc_a-errno.o)
 .debug_frame   0x00003168       0x2c D:/STM32CubeIDE_1.19.0/STM32CubeIDE/plugins/com.st.stm32cube.ide.mcu.externaltools.gnu-tools-for-stm32.13.3.rel1.win32_1.0.0.202411081344/tools/bin/../lib/gcc/arm-none-eabi/13.3.1/../../../../arm-none-eabi/lib/thumb/v7-m/nofp\libc_nano.a(libc_a-init.o)
 .debug_frame   0x00003194       0x34 D:/STM32CubeIDE_1.19.0/STM32CubeIDE/plugins/com.st.stm32cube.ide.mcu.externaltools.gnu-tools-for-stm32.13.3.rel1.win32_1.0.0.202411081344/tools/bin/../lib/gcc/arm-none-eabi/13.3.1/../../../../arm-none-eabi/lib/thumb/v7-m/nofp\libm.a(libm_a-w_pow.o)
 .debug_frame   0x000031c8       0x30 D:/STM32CubeIDE_1.19.0/STM32CubeIDE/plugins/com.st.stm32cube.ide.mcu.externaltools.gnu-tools-for-stm32.13.3.rel1.win32_1.0.0.202411081344/tools/bin/../lib/gcc/arm-none-eabi/13.3.1/../../../../arm-none-eabi/lib/thumb/v7-m/nofp\libm.a(libm_a-w_sqrt.o)
 .debug_frame   0x000031f8       0x20 D:/STM32CubeIDE_1.19.0/STM32CubeIDE/plugins/com.st.stm32cube.ide.mcu.externaltools.gnu-tools-for-stm32.13.3.rel1.win32_1.0.0.202411081344/tools/bin/../lib/gcc/arm-none-eabi/13.3.1/../../../../arm-none-eabi/lib/thumb/v7-m/nofp\libm.a(libm_a-s_finite.o)
 .debug_frame   0x00003218       0x38 D:/STM32CubeIDE_1.19.0/STM32CubeIDE/plugins/com.st.stm32cube.ide.mcu.externaltools.gnu-tools-for-stm32.13.3.rel1.win32_1.0.0.202411081344/tools/bin/../lib/gcc/arm-none-eabi/13.3.1/../../../../arm-none-eabi/lib/thumb/v7-m/nofp\libm.a(libm_a-e_sqrt.o)
 .debug_frame   0x00003250       0x78 D:/STM32CubeIDE_1.19.0/STM32CubeIDE/plugins/com.st.stm32cube.ide.mcu.externaltools.gnu-tools-for-stm32.13.3.rel1.win32_1.0.0.202411081344/tools/bin/../lib/gcc/arm-none-eabi/13.3.1/../../../../arm-none-eabi/lib/thumb/v7-m/nofp\libm.a(libm_a-e_pow.o)
 .debug_frame   0x000032c8       0x20 D:/STM32CubeIDE_1.19.0/STM32CubeIDE/plugins/com.st.stm32cube.ide.mcu.externaltools.gnu-tools-for-stm32.13.3.rel1.win32_1.0.0.202411081344/tools/bin/../lib/gcc/arm-none-eabi/13.3.1/../../../../arm-none-eabi/lib/thumb/v7-m/nofp\libm.a(libm_a-s_fabs.o)
 .debug_frame   0x000032e8       0x30 D:/STM32CubeIDE_1.19.0/STM32CubeIDE/plugins/com.st.stm32cube.ide.mcu.externaltools.gnu-tools-for-stm32.13.3.rel1.win32_1.0.0.202411081344/tools/bin/../lib/gcc/arm-none-eabi/13.3.1/../../../../arm-none-eabi/lib/thumb/v7-m/nofp\libm.a(libm_a-s_scalbn.o)
 .debug_frame   0x00003318      0x11c D:/STM32CubeIDE_1.19.0/STM32CubeIDE/plugins/com.st.stm32cube.ide.mcu.externaltools.gnu-tools-for-stm32.13.3.rel1.win32_1.0.0.202411081344/tools/bin/../lib/gcc/arm-none-eabi/13.3.1/../../../../arm-none-eabi/lib/thumb/v7-m/nofp\libm.a(libm_a-math_err.o)
 .debug_frame   0x00003434       0xac D:/STM32CubeIDE_1.19.0/STM32CubeIDE/plugins/com.st.stm32cube.ide.mcu.externaltools.gnu-tools-for-stm32.13.3.rel1.win32_1.0.0.202411081344/tools/bin/../lib/gcc/arm-none-eabi/13.3.1/thumb/v7-m/nofp\libgcc.a(_arm_addsubdf3.o)
 .debug_frame   0x000034e0       0x50 D:/STM32CubeIDE_1.19.0/STM32CubeIDE/plugins/com.st.stm32cube.ide.mcu.externaltools.gnu-tools-for-stm32.13.3.rel1.win32_1.0.0.202411081344/tools/bin/../lib/gcc/arm-none-eabi/13.3.1/thumb/v7-m/nofp\libgcc.a(_arm_muldivdf3.o)
 .debug_frame   0x00003530       0xc4 D:/STM32CubeIDE_1.19.0/STM32CubeIDE/plugins/com.st.stm32cube.ide.mcu.externaltools.gnu-tools-for-stm32.13.3.rel1.win32_1.0.0.202411081344/tools/bin/../lib/gcc/arm-none-eabi/13.3.1/thumb/v7-m/nofp\libgcc.a(_arm_cmpdf2.o)
 .debug_frame   0x000035f4       0x20 D:/STM32CubeIDE_1.19.0/STM32CubeIDE/plugins/com.st.stm32cube.ide.mcu.externaltools.gnu-tools-for-stm32.13.3.rel1.win32_1.0.0.202411081344/tools/bin/../lib/gcc/arm-none-eabi/13.3.1/thumb/v7-m/nofp\libgcc.a(_arm_unorddf2.o)
 .debug_frame   0x00003614       0x24 D:/STM32CubeIDE_1.19.0/STM32CubeIDE/plugins/com.st.stm32cube.ide.mcu.externaltools.gnu-tools-for-stm32.13.3.rel1.win32_1.0.0.202411081344/tools/bin/../lib/gcc/arm-none-eabi/13.3.1/thumb/v7-m/nofp\libgcc.a(_arm_fixdfsi.o)
 .debug_frame   0x00003638       0x24 D:/STM32CubeIDE_1.19.0/STM32CubeIDE/plugins/com.st.stm32cube.ide.mcu.externaltools.gnu-tools-for-stm32.13.3.rel1.win32_1.0.0.202411081344/tools/bin/../lib/gcc/arm-none-eabi/13.3.1/thumb/v7-m/nofp\libgcc.a(_arm_fixunsdfsi.o)
 .debug_frame   0x0000365c       0x24 D:/STM32CubeIDE_1.19.0/STM32CubeIDE/plugins/com.st.stm32cube.ide.mcu.externaltools.gnu-tools-for-stm32.13.3.rel1.win32_1.0.0.202411081344/tools/bin/../lib/gcc/arm-none-eabi/13.3.1/thumb/v7-m/nofp\libgcc.a(_arm_truncdfsf2.o)
 .debug_frame   0x00003680       0x4c D:/STM32CubeIDE_1.19.0/STM32CubeIDE/plugins/com.st.stm32cube.ide.mcu.externaltools.gnu-tools-for-stm32.13.3.rel1.win32_1.0.0.202411081344/tools/bin/../lib/gcc/arm-none-eabi/13.3.1/thumb/v7-m/nofp\libgcc.a(_arm_addsubsf3.o)
 .debug_frame   0x000036cc       0x38 D:/STM32CubeIDE_1.19.0/STM32CubeIDE/plugins/com.st.stm32cube.ide.mcu.externaltools.gnu-tools-for-stm32.13.3.rel1.win32_1.0.0.202411081344/tools/bin/../lib/gcc/arm-none-eabi/13.3.1/thumb/v7-m/nofp\libgcc.a(_arm_muldivsf3.o)
 .debug_frame   0x00003704       0xc8 D:/STM32CubeIDE_1.19.0/STM32CubeIDE/plugins/com.st.stm32cube.ide.mcu.externaltools.gnu-tools-for-stm32.13.3.rel1.win32_1.0.0.202411081344/tools/bin/../lib/gcc/arm-none-eabi/13.3.1/thumb/v7-m/nofp\libgcc.a(_arm_cmpsf2.o)
 .debug_frame   0x000037cc       0x24 D:/STM32CubeIDE_1.19.0/STM32CubeIDE/plugins/com.st.stm32cube.ide.mcu.externaltools.gnu-tools-for-stm32.13.3.rel1.win32_1.0.0.202411081344/tools/bin/../lib/gcc/arm-none-eabi/13.3.1/thumb/v7-m/nofp\libgcc.a(_arm_fixsfsi.o)

.debug_line_str
                0x00000000       0x50
 .debug_line_str
                0x00000000       0x50 ./Core/Startup/startup_stm32f103c8tx.o
