../Core/Src/i2c.c:37:13:I2C1_RecoverBus	32	static
../Core/Src/i2c.c:70:16:TCA9548A_IsBusyOrTimeout	4	static
../Core/Src/i2c.c:76:26:TCA9548A_WriteChannelMask	24	static
../Core/Src/i2c.c:85:12:MLX90640_HAL_StatusToError	16	static
../Core/Src/i2c.c:105:6:MX_I2C1_Init	8	static
../Core/Src/i2c.c:134:6:HAL_I2C_MspInit	40	static
../Core/Src/i2c.c:162:6:HAL_I2C_MspDeInit	16	static
../Core/Src/i2c.c:188:6:MLX90640_I2CInit	8	static
../Core/Src/i2c.c:193:5:MLX90640_I2CGeneralReset	24	static
../Core/Src/i2c.c:201:5:TCA9548A_SelectChannel	24	static
../Core/Src/i2c.c:255:5:MLX90640_SelectSensor	16	static
../Core/Src/i2c.c:265:9:MLX90640_GetSensorChannel	16	static
../Core/Src/i2c.c:275:19:TCA9548A_GetLastHalStatus	4	static
../Core/Src/i2c.c:280:10:TCA9548A_GetLastErrorCode	4	static
../Core/Src/i2c.c:285:19:MLX90640_GetLastHalStatus	4	static
../Core/Src/i2c.c:290:10:MLX90640_GetLastErrorCode	4	static
../Core/Src/i2c.c:295:5:MLX90640_I2CRead	120	static
../Core/Src/i2c.c:335:5:MLX90640_I2CProbe	16	static
../Core/Src/i2c.c:343:5:MLX90640_I2CWrite	40	static
../Core/Src/i2c.c:365:6:MLX90640_I2CFreqSet	16	static
