../Core/Src/i2c.c:39:13:I2C1_RecoverBus	32	static
../Core/Src/i2c.c:72:16:TCA9548A_IsBusyOrTimeout	4	static
../Core/Src/i2c.c:78:26:TCA9548A_WriteChannelMask	24	static
../Core/Src/i2c.c:87:26:MLX90640_I2CWaitForDmaRx	16	static
../Core/Src/i2c.c:119:12:MLX90640_HAL_StatusToError	16	static
../Core/Src/i2c.c:140:6:MX_I2C1_Init	8	static
../Core/Src/i2c.c:169:6:HAL_I2C_MspInit	40	static
../Core/Src/i2c.c:215:6:HAL_I2C_MspDeInit	16	static
../Core/Src/i2c.c:243:6:MLX90640_I2CInit	8	static
../Core/Src/i2c.c:248:5:MLX90640_I2CGeneralReset	24	static
../Core/Src/i2c.c:256:5:TCA9548A_SelectChannel	24	static
../Core/Src/i2c.c:310:5:MLX90640_SelectSensor	16	static
../Core/Src/i2c.c:320:9:MLX90640_GetSensorChannel	16	static
../Core/Src/i2c.c:330:19:TCA9548A_GetLastHalStatus	4	static
../Core/Src/i2c.c:335:10:TCA9548A_GetLastErrorCode	4	static
../Core/Src/i2c.c:340:19:MLX90640_GetLastHalStatus	4	static
../Core/Src/i2c.c:345:10:MLX90640_GetLastErrorCode	4	static
../Core/Src/i2c.c:350:5:MLX90640_I2CRead	112	static
../Core/Src/i2c.c:398:6:HAL_I2C_MemRxCpltCallback	16	static
../Core/Src/i2c.c:409:6:HAL_I2C_ErrorCallback	16	static
../Core/Src/i2c.c:419:5:MLX90640_I2CProbe	16	static
../Core/Src/i2c.c:427:5:MLX90640_I2CWrite	40	static
../Core/Src/i2c.c:449:6:MLX90640_I2CFreqSet	16	static
